Feb  2 01:32:05 cu-cs-vm rsyslogd: [origin software="rsyslogd" swVersion="8.16.0" x-pid="793" x-info="http://www.rsyslog.com"] rsyslogd was HUPed
Feb  2 01:32:07 cu-cs-vm anacron[767]: Job `cron.daily' terminated
Feb  2 01:34:52 cu-cs-vm systemd[1]: Reloading.
Feb  2 01:34:52 cu-cs-vm systemd[1]: Started ACPI event daemon.
Feb  2 01:34:52 cu-cs-vm systemd[1]: Started CUPS Scheduler.
Feb  2 01:34:53 cu-cs-vm systemd[1]: Reloading.
Feb  2 01:34:53 cu-cs-vm systemd[1]: Started ACPI event daemon.
Feb  2 01:34:53 cu-cs-vm systemd[1]: Started CUPS Scheduler.
Feb  2 01:37:00 cu-cs-vm systemd[1]: Reloading.
Feb  2 01:37:01 cu-cs-vm systemd[1]: Started ACPI event daemon.
Feb  2 01:37:01 cu-cs-vm systemd[1]: Started CUPS Scheduler.
Feb  2 01:37:01 cu-cs-vm systemd[1]: Stopping udev Kernel Device Manager...
Feb  2 01:37:01 cu-cs-vm systemd[1]: Stopped udev Kernel Device Manager.
Feb  2 01:37:01 cu-cs-vm systemd[1]: Reloading.
Feb  2 01:37:01 cu-cs-vm systemd[1]: Started ACPI event daemon.
Feb  2 01:37:01 cu-cs-vm systemd[1]: Started CUPS Scheduler.
Feb  2 01:37:01 cu-cs-vm systemd[1]: Reloading.
Feb  2 01:37:02 cu-cs-vm systemd[1]: Started ACPI event daemon.
Feb  2 01:37:02 cu-cs-vm systemd[1]: Started CUPS Scheduler.
Feb  2 01:37:02 cu-cs-vm systemd[1]: Stopped udev Kernel Device Manager.
Feb  2 01:37:02 cu-cs-vm systemd[1]: Starting udev Kernel Device Manager...
Feb  2 01:37:02 cu-cs-vm systemd[1]: Started udev Kernel Device Manager.
Feb  2 01:37:02 cu-cs-vm systemd[1]: Reloading.
Feb  2 01:37:02 cu-cs-vm systemd[1]: Started ACPI event daemon.
Feb  2 01:37:02 cu-cs-vm systemd[1]: Started CUPS Scheduler.
Feb  2 01:37:04 cu-cs-vm kernel: [  605.851252] SGI XFS with ACLs, security attributes, realtime, no debug enabled
Feb  2 01:37:04 cu-cs-vm kernel: [  605.860121] JFS: nTxBlock = 8192, nTxLock = 65536
Feb  2 01:37:04 cu-cs-vm kernel: [  605.876394] ntfs: driver 2.1.32 [Flags: R/O MODULE].
Feb  2 01:37:04 cu-cs-vm uptimed: moving up to position 3: 0 days, 00:10:06
Feb  2 01:37:04 cu-cs-vm kernel: [  605.902751] QNX4 filesystem 0.2.3 registered.
Feb  2 01:37:04 cu-cs-vm anacron[767]: Job `cron.weekly' started
Feb  2 01:37:04 cu-cs-vm anacron[27699]: Updated timestamp for job `cron.weekly' to 2017-02-02
Feb  2 01:37:04 cu-cs-vm systemd[1]: Reloading.
Feb  2 01:37:04 cu-cs-vm systemd[1]: Started ACPI event daemon.
Feb  2 01:37:04 cu-cs-vm systemd[1]: Started CUPS Scheduler.
Feb  2 01:37:04 cu-cs-vm systemd[1]: Reloading.
Feb  2 01:37:04 cu-cs-vm systemd[1]: Started ACPI event daemon.
Feb  2 01:37:04 cu-cs-vm systemd[1]: Started CUPS Scheduler.
Feb  2 01:37:04 cu-cs-vm systemd[1]: Starting LSB: Execute the kexec -e command to reboot system...
Feb  2 01:37:04 cu-cs-vm systemd[1]: Started LSB: Execute the kexec -e command to reboot system.
Feb  2 01:37:04 cu-cs-vm systemd[1]: Reloading.
Feb  2 01:37:04 cu-cs-vm systemd[1]: Started ACPI event daemon.
Feb  2 01:37:04 cu-cs-vm systemd[1]: Started CUPS Scheduler.
Feb  2 01:37:05 cu-cs-vm systemd[1]: Reloading.
Feb  2 01:37:05 cu-cs-vm systemd[1]: Started ACPI event daemon.
Feb  2 01:37:05 cu-cs-vm systemd[1]: Started CUPS Scheduler.
Feb  2 01:37:05 cu-cs-vm systemd[1]: Starting LSB: Load kernel image with kexec...
Feb  2 01:37:05 cu-cs-vm systemd[1]: Started LSB: Load kernel image with kexec.
Feb  2 01:37:06 cu-cs-vm anacron[767]: Job `cron.weekly' terminated
Feb  2 01:37:06 cu-cs-vm anacron[767]: Normal exit (2 jobs run)
Feb  2 01:39:25 cu-cs-vm systemd[1]: Reloading.
Feb  2 01:39:25 cu-cs-vm systemd[1]: Started ACPI event daemon.
Feb  2 01:39:25 cu-cs-vm systemd[1]: Started CUPS Scheduler.
Feb  2 01:42:04 cu-cs-vm systemd[1]: Starting Cleanup of Temporary Directories...
Feb  2 01:42:04 cu-cs-vm systemd-tmpfiles[3820]: [/usr/lib/tmpfiles.d/var.conf:14] Duplicate line for path "/var/log", ignoring.
Feb  2 01:42:04 cu-cs-vm systemd[1]: Started Cleanup of Temporary Directories.
Feb  2 01:45:22 cu-cs-vm systemd[1]: Stopping Authenticate and Authorize Users to Run Privileged Tasks...
Feb  2 01:45:22 cu-cs-vm systemd[1]: Stopping Save/Restore Sound Card State...
Feb  2 01:45:22 cu-cs-vm dbus[812]: [system] Activating via systemd: service name='org.freedesktop.PolicyKit1' unit='polkitd.service'
Feb  2 01:45:22 cu-cs-vm systemd[1]: Stopping User Manager for UID 1000...
Feb  2 01:45:22 cu-cs-vm systemd[1]: Stopped target Graphical Interface.
Feb  2 01:45:22 cu-cs-vm systemd[1]: Stopped target Sound Card.
Feb  2 01:45:22 cu-cs-vm systemd[1]: Closed Load/Save RF Kill Switch Status /dev/rfkill Watch.
Feb  2 01:45:22 cu-cs-vm systemd[1]: Stopping RealtimeKit Scheduling Policy Service...
Feb  2 01:45:22 cu-cs-vm systemd[1]: Stopped target Timers.
Feb  2 01:45:22 cu-cs-vm systemd[1]: Stopping Light Display Manager...
Feb  2 01:45:22 cu-cs-vm org.a11y.atspi.Registry[1704]: XIO:  fatal IO error 11 (Resource temporarily unavailable) on X server ":0"
Feb  2 01:45:22 cu-cs-vm org.a11y.atspi.Registry[1704]:       after 341 requests (341 known processed) with 0 events remaining.
Feb  2 01:45:22 cu-cs-vm systemd[1274]: Stopped target Default.
Feb  2 01:45:22 cu-cs-vm systemd[1274]: Stopped target Basic System.
Feb  2 01:45:22 cu-cs-vm systemd[1274]: Stopped target Timers.
Feb  2 01:45:22 cu-cs-vm systemd[1274]: Stopped target Sockets.
Feb  2 01:45:22 cu-cs-vm systemd[1274]: Reached target Shutdown.
Feb  2 01:45:22 cu-cs-vm systemd[1274]: Starting Exit the Session...
Feb  2 01:45:22 cu-cs-vm systemd[1274]: Stopped target Paths.
Feb  2 01:45:22 cu-cs-vm systemd[1]: Stopping ACPI event daemon...
Feb  2 01:45:22 cu-cs-vm systemd[1]: Stopping Daemon for generating UUIDs...
Feb  2 01:45:22 cu-cs-vm systemd[1]: Stopping Daemon for power management...
Feb  2 01:45:22 cu-cs-vm systemd[1]: Stopping Accounts Service...
Feb  2 01:45:22 cu-cs-vm systemd[1]: Stopped Daily apt activities.
Feb  2 01:45:22 cu-cs-vm systemd[1274]: Received SIGRTMIN+24 from PID 3879 (kill).
Feb  2 01:45:22 cu-cs-vm systemd[1]: Stopped Daily Cleanup of Temporary Directories.
Feb  2 01:45:22 cu-cs-vm systemd[1]: Stopping Disk Manager...
Feb  2 01:45:22 cu-cs-vm systemd[1]: Stopping Session c1 of user user.
Feb  2 01:45:22 cu-cs-vm systemd[1]: Stopped target Multi-User System.
Feb  2 01:45:22 cu-cs-vm systemd[1]: Stopping LSB: Record successful boot for GRUB...
Feb  2 01:45:22 cu-cs-vm systemd[1]: Stopping OpenBSD Secure Shell server...
Feb  2 01:45:22 cu-cs-vm systemd[1]: Stopping LSB: disk temperature monitoring daemon...
Feb  2 01:45:22 cu-cs-vm systemd[1]: Stopping uptime record daemon...
Feb  2 01:45:22 cu-cs-vm systemd[1]: Stopping LSB: Set the CPU Frequency Scaling governor to "ondemand"...
Feb  2 01:45:22 cu-cs-vm systemd[1]: Stopping Regular background program processing daemon...
Feb  2 01:45:22 cu-cs-vm systemd[1]: Stopped target Login Prompts.
Feb  2 01:45:22 cu-cs-vm systemd[1]: Stopping Getty on tty1...
Feb  2 01:45:22 cu-cs-vm systemd[1]: Stopping vboxadd-service.service...
Feb  2 01:45:22 cu-cs-vm vboxadd-service[3909]: vboxadd-service.sh: Stopping VirtualBox Guest Addition service.
Feb  2 01:45:22 cu-cs-vm vboxadd-service.sh: Stopping VirtualBox Guest Addition service.
Feb  2 01:45:22 cu-cs-vm systemd[1]: Stopping LSB: automatic crash report generation...
Feb  2 01:45:22 cu-cs-vm systemd[1]: Stopping crash report submission daemon...
Feb  2 01:45:22 cu-cs-vm systemd[1]: Stopping vboxadd-x11.service...
Feb  2 01:45:22 cu-cs-vm systemd[1]: Stopping System Logging Service...
Feb  2 01:45:22 cu-cs-vm systemd[1]: Stopping LSB: Speech Dispatcher...
Feb  2 01:32:05 cu-cs-vm rsyslogd: [origin software="rsyslogd" swVersion="8.16.0" x-pid="793" x-info="http://www.rsyslog.com"] rsyslogd was HUPed
Feb  2 01:45:22 cu-cs-vm rsyslogd: [origin software="rsyslogd" swVersion="8.16.0" x-pid="793" x-info="http://www.rsyslog.com"] exiting on signal 15.
Feb  2 01:45:29 cu-cs-vm rsyslogd: [origin software="rsyslogd" swVersion="8.16.0" x-pid="761" x-info="http://www.rsyslog.com"] start
Feb  2 01:45:29 cu-cs-vm rsyslogd-2222: command 'KLogPermitNonKernelFacility' is currently not permitted - did you already set it via a RainerScript command (v6+ config)? [v8.16.0 try http://www.rsyslog.com/e/2222 ]
Feb  2 01:45:29 cu-cs-vm rsyslogd: rsyslogd's groupid changed to 108
Feb  2 01:45:29 cu-cs-vm rsyslogd: rsyslogd's userid changed to 104
Feb  2 01:45:29 cu-cs-vm rsyslogd-2039: Could not open output pipe '/dev/xconsole':: No such file or directory [v8.16.0 try http://www.rsyslog.com/e/2039 ]
Feb  2 01:45:29 cu-cs-vm rsyslogd-2007: action 'action 10' suspended, next retry is Thu Feb  2 01:45:59 2017 [v8.16.0 try http://www.rsyslog.com/e/2007 ]
Feb  2 01:45:29 cu-cs-vm kernel: [    0.000000] Initializing cgroup subsys cpuset
Feb  2 01:45:29 cu-cs-vm kernel: [    0.000000] Initializing cgroup subsys cpu
Feb  2 01:45:29 cu-cs-vm kernel: [    0.000000] Initializing cgroup subsys cpuacct
Feb  2 01:45:29 cu-cs-vm kernel: [    0.000000] Linux version 4.4.0-59-generic (buildd@lgw01-11) (gcc version 5.4.0 20160609 (Ubuntu 5.4.0-6ubuntu1~16.04.4) ) #80-Ubuntu SMP Fri Jan 6 17:47:47 UTC 2017 (Ubuntu 4.4.0-59.80-generic 4.4.35)
Feb  2 01:45:29 cu-cs-vm kernel: [    0.000000] Command line: BOOT_IMAGE=/@/boot/vmlinuz-4.4.0-59-generic root=UUID=cdc63320-d9b3-4941-85c9-01e6f9786fb3 ro rootflags=subvol=@ quiet splash
Feb  2 01:45:29 cu-cs-vm kernel: [    0.000000] KERNEL supported cpus:
Feb  2 01:45:29 cu-cs-vm kernel: [    0.000000]   Intel GenuineIntel
Feb  2 01:45:29 cu-cs-vm kernel: [    0.000000]   AMD AuthenticAMD
Feb  2 01:45:29 cu-cs-vm kernel: [    0.000000]   Centaur CentaurHauls
Feb  2 01:45:29 cu-cs-vm kernel: [    0.000000] x86/fpu: xstate_offset[2]:  576, xstate_sizes[2]:  256
Feb  2 01:45:29 cu-cs-vm kernel: [    0.000000] x86/fpu: Supporting XSAVE feature 0x01: 'x87 floating point registers'
Feb  2 01:45:29 cu-cs-vm kernel: [    0.000000] x86/fpu: Supporting XSAVE feature 0x02: 'SSE registers'
Feb  2 01:45:29 cu-cs-vm kernel: [    0.000000] x86/fpu: Supporting XSAVE feature 0x04: 'AVX registers'
Feb  2 01:45:29 cu-cs-vm kernel: [    0.000000] x86/fpu: Enabled xstate features 0x7, context size is 832 bytes, using 'standard' format.
Feb  2 01:45:29 cu-cs-vm kernel: [    0.000000] x86/fpu: Using 'lazy' FPU context switches.
Feb  2 01:45:29 cu-cs-vm kernel: [    0.000000] e820: BIOS-provided physical RAM map:
Feb  2 01:45:29 cu-cs-vm kernel: [    0.000000] BIOS-e820: [mem 0x0000000000000100-0x000000000009fbff] usable
Feb  2 01:45:29 cu-cs-vm kernel: [    0.000000] BIOS-e820: [mem 0x000000000009fc00-0x000000000009ffff] reserved
Feb  2 01:45:29 cu-cs-vm kernel: [    0.000000] BIOS-e820: [mem 0x00000000000f0000-0x00000000000fffff] reserved
Feb  2 01:45:29 cu-cs-vm kernel: [    0.000000] BIOS-e820: [mem 0x0000000000100000-0x000000007ffeffff] usable
Feb  2 01:45:29 cu-cs-vm kernel: [    0.000000] BIOS-e820: [mem 0x000000007fff0000-0x000000007fffffff] ACPI data
Feb  2 01:45:29 cu-cs-vm kernel: [    0.000000] BIOS-e820: [mem 0x00000000fec00000-0x00000000fec00fff] reserved
Feb  2 01:45:29 cu-cs-vm kernel: [    0.000000] BIOS-e820: [mem 0x00000000fee00000-0x00000000fee00fff] reserved
Feb  2 01:45:29 cu-cs-vm kernel: [    0.000000] BIOS-e820: [mem 0x00000000fffc0000-0x00000000ffffffff] reserved
Feb  2 01:45:29 cu-cs-vm kernel: [    0.000000] NX (Execute Disable) protection: active
Feb  2 01:45:29 cu-cs-vm kernel: [    0.000000] SMBIOS 2.5 present.
Feb  2 01:45:29 cu-cs-vm kernel: [    0.000000] DMI: innotek GmbH VirtualBox/VirtualBox, BIOS VirtualBox 12/01/2006
Feb  2 01:45:29 cu-cs-vm kernel: [    0.000000] Hypervisor detected: KVM
Feb  2 01:45:29 cu-cs-vm kernel: [    0.000000] e820: update [mem 0x00000000-0x00000fff] usable ==> reserved
Feb  2 01:45:29 cu-cs-vm kernel: [    0.000000] e820: remove [mem 0x000a0000-0x000fffff] usable
Feb  2 01:45:29 cu-cs-vm kernel: [    0.000000] e820: last_pfn = 0x7fff0 max_arch_pfn = 0x400000000
Feb  2 01:45:29 cu-cs-vm kernel: [    0.000000] MTRR default type: uncachable
Feb  2 01:45:29 cu-cs-vm kernel: [    0.000000] MTRR variable ranges disabled:
Feb  2 01:45:29 cu-cs-vm kernel: [    0.000000] MTRR: Disabled
Feb  2 01:45:29 cu-cs-vm kernel: [    0.000000] x86/PAT: MTRRs disabled, skipping PAT initialization too.
Feb  2 01:45:29 cu-cs-vm kernel: [    0.000000] x86/PAT: Configuration [0-7]: WB  WT  UC- UC  WB  WT  UC- UC  
Feb  2 01:45:29 cu-cs-vm kernel: [    0.000000] CPU MTRRs all blank - virtualized system.
Feb  2 01:45:29 cu-cs-vm kernel: [    0.000000] x2apic: enabled by BIOS, switching to x2apic ops
Feb  2 01:45:29 cu-cs-vm kernel: [    0.000000] found SMP MP-table at [mem 0x0009fff0-0x0009ffff] mapped at [ffff88000009fff0]
Feb  2 01:45:29 cu-cs-vm kernel: [    0.000000] Scanning 1 areas for low memory corruption
Feb  2 01:45:29 cu-cs-vm kernel: [    0.000000] Base memory trampoline at [ffff880000099000] 99000 size 24576
Feb  2 01:45:29 cu-cs-vm kernel: [    0.000000] BRK [0x7f20b000, 0x7f20bfff] PGTABLE
Feb  2 01:45:29 cu-cs-vm kernel: [    0.000000] BRK [0x7f20c000, 0x7f20cfff] PGTABLE
Feb  2 01:45:29 cu-cs-vm kernel: [    0.000000] BRK [0x7f20d000, 0x7f20dfff] PGTABLE
Feb  2 01:45:29 cu-cs-vm kernel: [    0.000000] BRK [0x7f20e000, 0x7f20efff] PGTABLE
Feb  2 01:45:29 cu-cs-vm kernel: [    0.000000] BRK [0x7f20f000, 0x7f20ffff] PGTABLE
Feb  2 01:45:29 cu-cs-vm kernel: [    0.000000] RAMDISK: [mem 0x7bba5000-0x7dffffff]
Feb  2 01:45:29 cu-cs-vm kernel: [    0.000000] ACPI: Early table checksum verification disabled
Feb  2 01:45:29 cu-cs-vm kernel: [    0.000000] ACPI: RSDP 0x00000000000E0000 000024 (v02 VBOX  )
Feb  2 01:45:29 cu-cs-vm kernel: [    0.000000] ACPI: XSDT 0x000000007FFF0040 00004C (v01 VBOX   VBOXXSDT 00000001 ASL  00000061)
Feb  2 01:45:29 cu-cs-vm kernel: [    0.000000] ACPI: FACP 0x000000007FFF0110 0000F4 (v04 VBOX   VBOXFACP 00000001 ASL  00000061)
Feb  2 01:45:29 cu-cs-vm kernel: [    0.000000] ACPI: DSDT 0x000000007FFF0530 00210F (v01 VBOX   VBOXBIOS 00000002 INTL 20100528)
Feb  2 01:45:29 cu-cs-vm kernel: [    0.000000] ACPI: FACS 0x000000007FFF0240 000040
Feb  2 01:45:29 cu-cs-vm kernel: [    0.000000] ACPI: FACS 0x000000007FFF0240 000040
Feb  2 01:45:29 cu-cs-vm kernel: [    0.000000] ACPI: APIC 0x000000007FFF0280 00005C (v02 VBOX   VBOXAPIC 00000001 ASL  00000061)
Feb  2 01:45:29 cu-cs-vm kernel: [    0.000000] ACPI: HPET 0x000000007FFF02E0 000038 (v01 VBOX   VBOXHPET 00000001 ASL  00000061)
Feb  2 01:45:29 cu-cs-vm kernel: [    0.000000] ACPI: MCFG 0x000000007FFF0320 00003C (v01 VBOX   VBOXMCFG 00000001 ASL  00000061)
Feb  2 01:45:29 cu-cs-vm kernel: [    0.000000] ACPI: SSDT 0x000000007FFF0360 0001CC (v01 VBOX   VBOXCPUT 00000002 INTL 20100528)
Feb  2 01:45:29 cu-cs-vm kernel: [    0.000000] ACPI: Local APIC address 0xfee00000
Feb  2 01:45:29 cu-cs-vm kernel: [    0.000000] Setting APIC routing to cluster x2apic.
Feb  2 01:45:29 cu-cs-vm kernel: [    0.000000] No NUMA configuration found
Feb  2 01:45:29 cu-cs-vm kernel: [    0.000000] Faking a node at [mem 0x0000000000000000-0x000000007ffeffff]
Feb  2 01:45:29 cu-cs-vm kernel: [    0.000000] NODE_DATA(0) allocated [mem 0x7ffeb000-0x7ffeffff]
Feb  2 01:45:29 cu-cs-vm kernel: [    0.000000] kvm-clock: Using msrs 4b564d01 and 4b564d00
Feb  2 01:45:29 cu-cs-vm kernel: [    0.000000] kvm-clock: cpu 0, msr 0:7ffe3001, primary cpu clock
Feb  2 01:45:29 cu-cs-vm kernel: [    0.000000] kvm-clock: using sched offset of 1109506950844 cycles
Feb  2 01:45:29 cu-cs-vm kernel: [    0.000000] clocksource: kvm-clock: mask: 0xffffffffffffffff max_cycles: 0x1cd42e4dffb, max_idle_ns: 881590591483 ns
Feb  2 01:45:29 cu-cs-vm kernel: [    0.000000] Zone ranges:
Feb  2 01:45:29 cu-cs-vm kernel: [    0.000000]   DMA      [mem 0x0000000000001000-0x0000000000ffffff]
Feb  2 01:45:29 cu-cs-vm kernel: [    0.000000]   DMA32    [mem 0x0000000001000000-0x000000007ffeffff]
Feb  2 01:45:29 cu-cs-vm kernel: [    0.000000]   Normal   empty
Feb  2 01:45:29 cu-cs-vm kernel: [    0.000000]   Device   empty
Feb  2 01:45:29 cu-cs-vm kernel: [    0.000000] Movable zone start for each node
Feb  2 01:45:29 cu-cs-vm kernel: [    0.000000] Early memory node ranges
Feb  2 01:45:29 cu-cs-vm kernel: [    0.000000]   node   0: [mem 0x0000000000001000-0x000000000009efff]
Feb  2 01:45:29 cu-cs-vm kernel: [    0.000000]   node   0: [mem 0x0000000000100000-0x000000007ffeffff]
Feb  2 01:45:29 cu-cs-vm kernel: [    0.000000] Initmem setup node 0 [mem 0x0000000000001000-0x000000007ffeffff]
Feb  2 01:45:29 cu-cs-vm kernel: [    0.000000] On node 0 totalpages: 524174
Feb  2 01:45:29 cu-cs-vm kernel: [    0.000000]   DMA zone: 64 pages used for memmap
Feb  2 01:45:29 cu-cs-vm kernel: [    0.000000]   DMA zone: 21 pages reserved
Feb  2 01:45:29 cu-cs-vm kernel: [    0.000000]   DMA zone: 3998 pages, LIFO batch:0
Feb  2 01:45:29 cu-cs-vm kernel: [    0.000000]   DMA32 zone: 8128 pages used for memmap
Feb  2 01:45:29 cu-cs-vm kernel: [    0.000000]   DMA32 zone: 520176 pages, LIFO batch:31
Feb  2 01:45:29 cu-cs-vm kernel: [    0.000000] ACPI: PM-Timer IO Port: 0x4008
Feb  2 01:45:29 cu-cs-vm kernel: [    0.000000] ACPI: Local APIC address 0xfee00000
Feb  2 01:45:29 cu-cs-vm kernel: [    0.000000] IOAPIC[0]: apic_id 2, version 32, address 0xfec00000, GSI 0-23
Feb  2 01:45:29 cu-cs-vm kernel: [    0.000000] ACPI: INT_SRC_OVR (bus 0 bus_irq 0 global_irq 2 dfl dfl)
Feb  2 01:45:29 cu-cs-vm kernel: [    0.000000] ACPI: INT_SRC_OVR (bus 0 bus_irq 9 global_irq 9 high level)
Feb  2 01:45:29 cu-cs-vm kernel: [    0.000000] ACPI: IRQ0 used by override.
Feb  2 01:45:29 cu-cs-vm kernel: [    0.000000] ACPI: IRQ9 used by override.
Feb  2 01:45:29 cu-cs-vm kernel: [    0.000000] Using ACPI (MADT) for SMP configuration information
Feb  2 01:45:29 cu-cs-vm kernel: [    0.000000] ACPI: HPET id: 0x8086a201 base: 0xfed00000
Feb  2 01:45:29 cu-cs-vm kernel: [    0.000000] smpboot: Allowing 2 CPUs, 0 hotplug CPUs
Feb  2 01:45:29 cu-cs-vm kernel: [    0.000000] PM: Registered nosave memory: [mem 0x00000000-0x00000fff]
Feb  2 01:45:29 cu-cs-vm kernel: [    0.000000] PM: Registered nosave memory: [mem 0x0009f000-0x0009ffff]
Feb  2 01:45:29 cu-cs-vm kernel: [    0.000000] PM: Registered nosave memory: [mem 0x000a0000-0x000effff]
Feb  2 01:45:29 cu-cs-vm kernel: [    0.000000] PM: Registered nosave memory: [mem 0x000f0000-0x000fffff]
Feb  2 01:45:29 cu-cs-vm kernel: [    0.000000] e820: [mem 0x80000000-0xfebfffff] available for PCI devices
Feb  2 01:45:29 cu-cs-vm kernel: [    0.000000] Booting paravirtualized kernel on KVM
Feb  2 01:45:29 cu-cs-vm kernel: [    0.000000] clocksource: refined-jiffies: mask: 0xffffffff max_cycles: 0xffffffff, max_idle_ns: 7645519600211568 ns
Feb  2 01:45:29 cu-cs-vm kernel: [    0.000000] setup_percpu: NR_CPUS:512 nr_cpumask_bits:512 nr_cpu_ids:2 nr_node_ids:1
Feb  2 01:45:29 cu-cs-vm kernel: [    0.000000] PERCPU: Embedded 33 pages/cpu @ffff88007fc00000 s98264 r8192 d28712 u1048576
Feb  2 01:45:29 cu-cs-vm kernel: [    0.000000] pcpu-alloc: s98264 r8192 d28712 u1048576 alloc=1*2097152
Feb  2 01:45:29 cu-cs-vm kernel: [    0.000000] pcpu-alloc: [0] 0 1 
Feb  2 01:45:29 cu-cs-vm kernel: [    0.000000] PV qspinlock hash table entries: 256 (order: 0, 4096 bytes)
Feb  2 01:45:29 cu-cs-vm kernel: [    0.000000] Built 1 zonelists in Node order, mobility grouping on.  Total pages: 515961
Feb  2 01:45:29 cu-cs-vm kernel: [    0.000000] Policy zone: DMA32
Feb  2 01:45:29 cu-cs-vm kernel: [    0.000000] Kernel command line: BOOT_IMAGE=/@/boot/vmlinuz-4.4.0-59-generic root=UUID=cdc63320-d9b3-4941-85c9-01e6f9786fb3 ro rootflags=subvol=@ quiet splash
Feb  2 01:45:29 cu-cs-vm kernel: [    0.000000] PID hash table entries: 4096 (order: 3, 32768 bytes)
Feb  2 01:45:29 cu-cs-vm kernel: [    0.000000] Calgary: detecting Calgary via BIOS EBDA area
Feb  2 01:45:29 cu-cs-vm kernel: [    0.000000] Calgary: Unable to locate Rio Grande table in EBDA - bailing!
Feb  2 01:45:29 cu-cs-vm kernel: [    0.000000] Memory: 2007544K/2096696K available (8436K kernel code, 1291K rwdata, 3960K rodata, 1488K init, 1316K bss, 89152K reserved, 0K cma-reserved)
Feb  2 01:45:29 cu-cs-vm kernel: [    0.000000] SLUB: HWalign=64, Order=0-3, MinObjects=0, CPUs=2, Nodes=1
Feb  2 01:45:29 cu-cs-vm kernel: [    0.000000] Hierarchical RCU implementation.
Feb  2 01:45:29 cu-cs-vm kernel: [    0.000000] 	Build-time adjustment of leaf fanout to 64.
Feb  2 01:45:29 cu-cs-vm kernel: [    0.000000] 	RCU restricting CPUs from NR_CPUS=512 to nr_cpu_ids=2.
Feb  2 01:45:29 cu-cs-vm kernel: [    0.000000] RCU: Adjusting geometry for rcu_fanout_leaf=64, nr_cpu_ids=2
Feb  2 01:45:29 cu-cs-vm kernel: [    0.000000] NR_IRQS:33024 nr_irqs:440 16
Feb  2 01:45:29 cu-cs-vm kernel: [    0.000000] Console: colour dummy device 80x25
Feb  2 01:45:29 cu-cs-vm kernel: [    0.000000] console [tty0] enabled
Feb  2 01:45:29 cu-cs-vm kernel: [    0.000000] clocksource: hpet: mask: 0xffffffff max_cycles: 0xffffffff, max_idle_ns: 133484882848 ns
Feb  2 01:45:29 cu-cs-vm kernel: [    0.000000] hpet clockevent registered
Feb  2 01:45:29 cu-cs-vm kernel: [    0.000000] tsc: Detected 1991.999 MHz processor
Feb  2 01:45:29 cu-cs-vm kernel: [    0.019637] Calibrating delay loop (skipped) preset value.. 3983.99 BogoMIPS (lpj=7967996)
Feb  2 01:45:29 cu-cs-vm kernel: [    0.019639] pid_max: default: 32768 minimum: 301
Feb  2 01:45:29 cu-cs-vm kernel: [    0.019643] ACPI: Core revision 20150930
Feb  2 01:45:29 cu-cs-vm kernel: [    0.020589] ACPI: 2 ACPI AML tables successfully acquired and loaded
Feb  2 01:45:29 cu-cs-vm kernel: [    0.020605] Security Framework initialized
Feb  2 01:45:29 cu-cs-vm kernel: [    0.020606] Yama: becoming mindful.
Feb  2 01:45:29 cu-cs-vm kernel: [    0.020618] AppArmor: AppArmor initialized
Feb  2 01:45:29 cu-cs-vm kernel: [    0.020728] Dentry cache hash table entries: 262144 (order: 9, 2097152 bytes)
Feb  2 01:45:29 cu-cs-vm kernel: [    0.021064] Inode-cache hash table entries: 131072 (order: 8, 1048576 bytes)
Feb  2 01:45:29 cu-cs-vm kernel: [    0.021551] Mount-cache hash table entries: 4096 (order: 3, 32768 bytes)
Feb  2 01:45:29 cu-cs-vm kernel: [    0.021558] Mountpoint-cache hash table entries: 4096 (order: 3, 32768 bytes)
Feb  2 01:45:29 cu-cs-vm kernel: [    0.021828] Initializing cgroup subsys io
Feb  2 01:45:29 cu-cs-vm kernel: [    0.021834] Initializing cgroup subsys memory
Feb  2 01:45:29 cu-cs-vm kernel: [    0.021845] Initializing cgroup subsys devices
Feb  2 01:45:29 cu-cs-vm kernel: [    0.021849] Initializing cgroup subsys freezer
Feb  2 01:45:29 cu-cs-vm kernel: [    0.021852] Initializing cgroup subsys net_cls
Feb  2 01:45:29 cu-cs-vm kernel: [    0.021855] Initializing cgroup subsys perf_event
Feb  2 01:45:29 cu-cs-vm kernel: [    0.021857] Initializing cgroup subsys net_prio
Feb  2 01:45:29 cu-cs-vm kernel: [    0.021860] Initializing cgroup subsys hugetlb
Feb  2 01:45:29 cu-cs-vm kernel: [    0.021861] Initializing cgroup subsys pids
Feb  2 01:45:29 cu-cs-vm kernel: [    0.022088] CPU: Physical Processor ID: 0
Feb  2 01:45:29 cu-cs-vm kernel: [    0.022092] CPU: Processor Core ID: 0
Feb  2 01:45:29 cu-cs-vm kernel: [    0.024282] mce: CPU supports 0 MCE banks
Feb  2 01:45:29 cu-cs-vm kernel: [    0.024313] Last level iTLB entries: 4KB 64, 2MB 8, 4MB 8
Feb  2 01:45:29 cu-cs-vm kernel: [    0.024315] Last level dTLB entries: 4KB 64, 2MB 0, 4MB 0, 1GB 4
Feb  2 01:45:29 cu-cs-vm kernel: [    0.026343] Freeing SMP alternatives memory: 32K (ffffffff820b8000 - ffffffff820c0000)
Feb  2 01:45:29 cu-cs-vm kernel: [    0.034666] ftrace: allocating 32064 entries in 126 pages
Feb  2 01:45:29 cu-cs-vm kernel: [    0.076260] smpboot: APIC(0) Converting physical 0 to logical package 0
Feb  2 01:45:29 cu-cs-vm kernel: [    0.076265] smpboot: Max logical packages: 1
Feb  2 01:45:29 cu-cs-vm kernel: [    0.076735] Switched APIC routing to physical x2apic.
Feb  2 01:45:29 cu-cs-vm kernel: [    0.077871] ..TIMER: vector=0x30 apic1=0 pin1=2 apic2=-1 pin2=-1
Feb  2 01:45:29 cu-cs-vm kernel: [    0.181237] APIC calibration not consistent with PM-Timer: 96ms instead of 100ms
Feb  2 01:45:29 cu-cs-vm kernel: [    0.181239] APIC delta adjusted to PM-Timer: 6253132 (6049163)
Feb  2 01:45:29 cu-cs-vm kernel: [    0.181271] smpboot: CPU0: Intel(R) Core(TM) i5-6360U CPU @ 2.00GHz (family: 0x6, model: 0x4e, stepping: 0x3)
Feb  2 01:45:29 cu-cs-vm kernel: [    0.181284] Performance Events: unsupported p6 CPU model 78 no PMU driver, software events only.
Feb  2 01:45:29 cu-cs-vm kernel: [    0.181315] KVM setup paravirtual spinlock
Feb  2 01:45:29 cu-cs-vm kernel: [    0.181986] x86: Booting SMP configuration:
Feb  2 01:45:29 cu-cs-vm kernel: [    0.181988] .... node  #0, CPUs:      #1
Feb  2 01:45:29 cu-cs-vm kernel: [    0.182296] kvm-clock: cpu 1, msr 0:7ffe3041, secondary cpu clock
Feb  2 01:45:29 cu-cs-vm kernel: [    0.183537] mce: CPU supports 0 MCE banks
Feb  2 01:45:29 cu-cs-vm kernel: [    0.185590] x86: Booted up 1 node, 2 CPUs
Feb  2 01:45:29 cu-cs-vm kernel: [    0.185594] smpboot: Total of 2 processors activated (7967.99 BogoMIPS)
Feb  2 01:45:29 cu-cs-vm kernel: [    0.185999] devtmpfs: initialized
Feb  2 01:45:29 cu-cs-vm kernel: [    0.187623] evm: security.selinux
Feb  2 01:45:29 cu-cs-vm kernel: [    0.187625] evm: security.SMACK64
Feb  2 01:45:29 cu-cs-vm kernel: [    0.187626] evm: security.SMACK64EXEC
Feb  2 01:45:29 cu-cs-vm kernel: [    0.187627] evm: security.SMACK64TRANSMUTE
Feb  2 01:45:29 cu-cs-vm kernel: [    0.187627] evm: security.SMACK64MMAP
Feb  2 01:45:29 cu-cs-vm kernel: [    0.187628] evm: security.ima
Feb  2 01:45:29 cu-cs-vm kernel: [    0.187629] evm: security.capability
Feb  2 01:45:29 cu-cs-vm kernel: [    0.187870] clocksource: jiffies: mask: 0xffffffff max_cycles: 0xffffffff, max_idle_ns: 7645041785100000 ns
Feb  2 01:45:29 cu-cs-vm kernel: [    0.188021] pinctrl core: initialized pinctrl subsystem
Feb  2 01:45:29 cu-cs-vm kernel: [    0.188148] RTC time:  8:45:23, date: 02/02/17
Feb  2 01:45:29 cu-cs-vm kernel: [    0.188341] NET: Registered protocol family 16
Feb  2 01:45:29 cu-cs-vm kernel: [    0.197373] cpuidle: using governor ladder
Feb  2 01:45:29 cu-cs-vm kernel: [    0.210308] cpuidle: using governor menu
Feb  2 01:45:29 cu-cs-vm kernel: [    0.210317] PCCT header not found.
Feb  2 01:45:29 cu-cs-vm kernel: [    0.210393] ACPI: bus type PCI registered
Feb  2 01:45:29 cu-cs-vm kernel: [    0.210395] acpiphp: ACPI Hot Plug PCI Controller Driver version: 0.5
Feb  2 01:45:29 cu-cs-vm kernel: [    0.210524] PCI: MMCONFIG for domain 0000 [bus 00-3f] at [mem 0xdc000000-0xdfffffff] (base 0xdc000000)
Feb  2 01:45:29 cu-cs-vm kernel: [    0.210526] PCI: not using MMCONFIG
Feb  2 01:45:29 cu-cs-vm kernel: [    0.210528] PCI: Using configuration type 1 for base access
Feb  2 01:45:29 cu-cs-vm kernel: [    0.222848] ACPI: Added _OSI(Module Device)
Feb  2 01:45:29 cu-cs-vm kernel: [    0.222851] ACPI: Added _OSI(Processor Device)
Feb  2 01:45:29 cu-cs-vm kernel: [    0.222852] ACPI: Added _OSI(3.0 _SCP Extensions)
Feb  2 01:45:29 cu-cs-vm kernel: [    0.222853] ACPI: Added _OSI(Processor Aggregator Device)
Feb  2 01:45:29 cu-cs-vm kernel: [    0.223758] ACPI: Executed 1 blocks of module-level executable AML code
Feb  2 01:45:29 cu-cs-vm kernel: [    0.225932] ACPI: Interpreter enabled
Feb  2 01:45:29 cu-cs-vm kernel: [    0.225942] ACPI: (supports S0 S5)
Feb  2 01:45:29 cu-cs-vm kernel: [    0.225943] ACPI: Using IOAPIC for interrupt routing
Feb  2 01:45:29 cu-cs-vm kernel: [    0.226081] PCI: MMCONFIG for domain 0000 [bus 00-3f] at [mem 0xdc000000-0xdfffffff] (base 0xdc000000)
Feb  2 01:45:29 cu-cs-vm kernel: [    0.226253] PCI: MMCONFIG at [mem 0xdc000000-0xdfffffff] reserved in ACPI motherboard resources
Feb  2 01:45:29 cu-cs-vm kernel: [    0.226260] PCI: Using host bridge windows from ACPI; if necessary, use "pci=nocrs" and report a bug
Feb  2 01:45:29 cu-cs-vm kernel: [    0.229885] ACPI: PCI Root Bridge [PCI0] (domain 0000 [bus 00-ff])
Feb  2 01:45:29 cu-cs-vm kernel: [    0.229890] acpi PNP0A03:00: _OSC: OS supports [ExtendedConfig ASPM ClockPM Segments MSI]
Feb  2 01:45:29 cu-cs-vm kernel: [    0.229894] acpi PNP0A03:00: _OSC failed (AE_NOT_FOUND); disabling ASPM
Feb  2 01:45:29 cu-cs-vm kernel: [    0.229900] acpi PNP0A03:00: [Firmware Info]: MMCONFIG for domain 0000 [bus 00-3f] only partially covers this bridge
Feb  2 01:45:29 cu-cs-vm kernel: [    0.230121] PCI host bridge to bus 0000:00
Feb  2 01:45:29 cu-cs-vm kernel: [    0.230124] pci_bus 0000:00: root bus resource [io  0x0000-0x0cf7 window]
Feb  2 01:45:29 cu-cs-vm kernel: [    0.230126] pci_bus 0000:00: root bus resource [io  0x0d00-0xffff window]
Feb  2 01:45:29 cu-cs-vm kernel: [    0.230127] pci_bus 0000:00: root bus resource [mem 0x000a0000-0x000bffff window]
Feb  2 01:45:29 cu-cs-vm kernel: [    0.230129] pci_bus 0000:00: root bus resource [mem 0x80000000-0xffdfffff window]
Feb  2 01:45:29 cu-cs-vm kernel: [    0.230130] pci_bus 0000:00: root bus resource [bus 00-ff]
Feb  2 01:45:29 cu-cs-vm kernel: [    0.230172] pci 0000:00:02.0: [80ee:beef] type 00 class 0x030000
Feb  2 01:45:29 cu-cs-vm kernel: [    0.232054] pci 0000:00:02.0: reg 0x10: [mem 0xe0000000-0xe3ffffff pref]
Feb  2 01:45:29 cu-cs-vm kernel: [    0.241466] pci 0000:00:03.0: [8086:100e] type 00 class 0x020000
Feb  2 01:45:29 cu-cs-vm kernel: [    0.242260] pci 0000:00:03.0: reg 0x10: [mem 0xe4000000-0xe401ffff]
Feb  2 01:45:29 cu-cs-vm kernel: [    0.243492] pci 0000:00:03.0: reg 0x18: [io  0xd000-0xd007]
Feb  2 01:45:29 cu-cs-vm kernel: [    0.246416] pci 0000:00:04.0: [80ee:cafe] type 00 class 0x088000
Feb  2 01:45:29 cu-cs-vm kernel: [    0.247090] pci 0000:00:04.0: reg 0x10: [io  0xd020-0xd03f]
Feb  2 01:45:29 cu-cs-vm kernel: [    0.247721] pci 0000:00:04.0: reg 0x14: [mem 0xe4400000-0xe47fffff]
Feb  2 01:45:29 cu-cs-vm kernel: [    0.248523] pci 0000:00:04.0: reg 0x18: [mem 0xe4800000-0xe4803fff pref]
Feb  2 01:45:29 cu-cs-vm kernel: [    0.252150] pci 0000:00:05.0: [8086:2415] type 00 class 0x040100
Feb  2 01:45:29 cu-cs-vm kernel: [    0.252323] pci 0000:00:05.0: reg 0x10: [io  0xd100-0xd1ff]
Feb  2 01:45:29 cu-cs-vm kernel: [    0.252477] pci 0000:00:05.0: reg 0x14: [io  0xd200-0xd23f]
Feb  2 01:45:29 cu-cs-vm kernel: [    0.253512] pci 0000:00:07.0: [8086:7113] type 00 class 0x068000
Feb  2 01:45:29 cu-cs-vm kernel: [    0.254431] pci 0000:00:07.0: quirk: [io  0x4000-0x403f] claimed by PIIX4 ACPI
Feb  2 01:45:29 cu-cs-vm kernel: [    0.254443] pci 0000:00:07.0: quirk: [io  0x4100-0x410f] claimed by PIIX4 SMB
Feb  2 01:45:29 cu-cs-vm kernel: [    0.254969] pci 0000:00:18.0: [8086:2448] type 01 class 0x060401
Feb  2 01:45:29 cu-cs-vm kernel: [    0.255670] pci 0000:00:19.0: [8086:2448] type 01 class 0x060401
Feb  2 01:45:29 cu-cs-vm kernel: [    0.256373] pci 0000:00:1f.0: [8086:27b9] type 00 class 0x060100
Feb  2 01:45:29 cu-cs-vm kernel: [    0.257273] pci 0000:00:1f.0: quirk: [io  0x8000-0x807f] claimed by ICH6 ACPI/GPIO/TCO
Feb  2 01:45:29 cu-cs-vm kernel: [    0.257697] pci 0000:00:1f.2: [8086:2829] type 00 class 0x010601
Feb  2 01:45:29 cu-cs-vm kernel: [    0.258910] pci 0000:00:1f.2: reg 0x10: [io  0xd240-0xd247]
Feb  2 01:45:29 cu-cs-vm kernel: [    0.259820] pci 0000:00:1f.2: reg 0x14: [io  0xd248-0xd24b]
Feb  2 01:45:29 cu-cs-vm kernel: [    0.260711] pci 0000:00:1f.2: reg 0x18: [io  0xd250-0xd257]
Feb  2 01:45:29 cu-cs-vm kernel: [    0.261671] pci 0000:00:1f.2: reg 0x1c: [io  0xd258-0xd25b]
Feb  2 01:45:29 cu-cs-vm kernel: [    0.262577] pci 0000:00:1f.2: reg 0x20: [io  0xd260-0xd26f]
Feb  2 01:45:29 cu-cs-vm kernel: [    0.263520] pci 0000:00:1f.2: reg 0x24: [mem 0xe4804000-0xe4805fff]
Feb  2 01:45:29 cu-cs-vm kernel: [    0.265332] pci 0000:00:1f.4: [106b:003f] type 00 class 0x0c0310
Feb  2 01:45:29 cu-cs-vm kernel: [    0.266121] pci 0000:00:1f.4: reg 0x10: [mem 0xe4806000-0xe4806fff]
Feb  2 01:45:29 cu-cs-vm kernel: [    0.270656] pci 0000:00:18.0: PCI bridge to [bus 01] (subtractive decode)
Feb  2 01:45:29 cu-cs-vm kernel: [    0.270705] pci 0000:00:18.0:   bridge window [io  0x0000-0x0cf7 window] (subtractive decode)
Feb  2 01:45:29 cu-cs-vm kernel: [    0.270707] pci 0000:00:18.0:   bridge window [io  0x0d00-0xffff window] (subtractive decode)
Feb  2 01:45:29 cu-cs-vm kernel: [    0.270709] pci 0000:00:18.0:   bridge window [mem 0x000a0000-0x000bffff window] (subtractive decode)
Feb  2 01:45:29 cu-cs-vm kernel: [    0.270710] pci 0000:00:18.0:   bridge window [mem 0x80000000-0xffdfffff window] (subtractive decode)
Feb  2 01:45:29 cu-cs-vm kernel: [    0.271028] pci 0000:00:19.0: PCI bridge to [bus 02] (subtractive decode)
Feb  2 01:45:29 cu-cs-vm kernel: [    0.271074] pci 0000:00:19.0:   bridge window [io  0x0000-0x0cf7 window] (subtractive decode)
Feb  2 01:45:29 cu-cs-vm kernel: [    0.271076] pci 0000:00:19.0:   bridge window [io  0x0d00-0xffff window] (subtractive decode)
Feb  2 01:45:29 cu-cs-vm kernel: [    0.271077] pci 0000:00:19.0:   bridge window [mem 0x000a0000-0x000bffff window] (subtractive decode)
Feb  2 01:45:29 cu-cs-vm kernel: [    0.271079] pci 0000:00:19.0:   bridge window [mem 0x80000000-0xffdfffff window] (subtractive decode)
Feb  2 01:45:29 cu-cs-vm kernel: [    0.272181] ACPI: PCI Interrupt Link [LNKA] (IRQs 5 9 10 *11), disabled.
Feb  2 01:45:29 cu-cs-vm kernel: [    0.272367] ACPI: PCI Interrupt Link [LNKB] (IRQs 5 *9 10 11), disabled.
Feb  2 01:45:29 cu-cs-vm kernel: [    0.272442] ACPI: PCI Interrupt Link [LNKC] (IRQs 5 9 10 *11), disabled.
Feb  2 01:45:29 cu-cs-vm kernel: [    0.272516] ACPI: PCI Interrupt Link [LNKD] (IRQs 5 9 10 *11), disabled.
Feb  2 01:45:29 cu-cs-vm kernel: [    0.272631] ACPI: Enabled 2 GPEs in block 00 to 07
Feb  2 01:45:29 cu-cs-vm kernel: [    0.272914] vgaarb: setting as boot device: PCI:0000:00:02.0
Feb  2 01:45:29 cu-cs-vm kernel: [    0.272917] vgaarb: device added: PCI:0000:00:02.0,decodes=io+mem,owns=io+mem,locks=none
Feb  2 01:45:29 cu-cs-vm kernel: [    0.272919] vgaarb: loaded
Feb  2 01:45:29 cu-cs-vm kernel: [    0.272920] vgaarb: bridge control possible 0000:00:02.0
Feb  2 01:45:29 cu-cs-vm kernel: [    0.273180] SCSI subsystem initialized
Feb  2 01:45:29 cu-cs-vm kernel: [    0.273300] libata version 3.00 loaded.
Feb  2 01:45:29 cu-cs-vm kernel: [    0.273335] ACPI: bus type USB registered
Feb  2 01:45:29 cu-cs-vm kernel: [    0.273359] usbcore: registered new interface driver usbfs
Feb  2 01:45:29 cu-cs-vm kernel: [    0.273366] usbcore: registered new interface driver hub
Feb  2 01:45:29 cu-cs-vm kernel: [    0.273379] usbcore: registered new device driver usb
Feb  2 01:45:29 cu-cs-vm kernel: [    0.273647] PCI: Using ACPI for IRQ routing
Feb  2 01:45:29 cu-cs-vm kernel: [    0.288176] PCI: pci_cache_line_size set to 64 bytes
Feb  2 01:45:29 cu-cs-vm kernel: [    0.288333] e820: reserve RAM buffer [mem 0x0009fc00-0x0009ffff]
Feb  2 01:45:29 cu-cs-vm kernel: [    0.288342] e820: reserve RAM buffer [mem 0x7fff0000-0x7fffffff]
Feb  2 01:45:29 cu-cs-vm kernel: [    0.288484] NetLabel: Initializing
Feb  2 01:45:29 cu-cs-vm kernel: [    0.288486] NetLabel:  domain hash size = 128
Feb  2 01:45:29 cu-cs-vm kernel: [    0.288487] NetLabel:  protocols = UNLABELED CIPSOv4
Feb  2 01:45:29 cu-cs-vm kernel: [    0.288500] NetLabel:  unlabeled traffic allowed by default
Feb  2 01:45:29 cu-cs-vm kernel: [    0.288754] HPET: 4 timers in total, 0 timers will be used for per-cpu timer
Feb  2 01:45:29 cu-cs-vm kernel: [    0.288772] hpet0: at MMIO 0xfed00000, IRQs 2, 8, 0, 0
Feb  2 01:45:29 cu-cs-vm kernel: [    0.288776] hpet0: 4 comparators, 64-bit 14.318180 MHz counter
Feb  2 01:45:29 cu-cs-vm kernel: [    0.293043] amd_nb: Cannot enumerate AMD northbridges
Feb  2 01:45:29 cu-cs-vm kernel: [    0.293125] clocksource: Switched to clocksource kvm-clock
Feb  2 01:45:29 cu-cs-vm kernel: [    0.298703] AppArmor: AppArmor Filesystem Enabled
Feb  2 01:45:29 cu-cs-vm kernel: [    0.298755] pnp: PnP ACPI init
Feb  2 01:45:29 cu-cs-vm kernel: [    0.298811] pnp 00:00: Plug and Play ACPI device, IDs PNP0303 (active)
Feb  2 01:45:29 cu-cs-vm kernel: [    0.298882] pnp 00:01: Plug and Play ACPI device, IDs PNP0f03 (active)
Feb  2 01:45:29 cu-cs-vm kernel: [    0.298925] pnp 00:02: Plug and Play ACPI device, IDs PNP0b00 (active)
Feb  2 01:45:29 cu-cs-vm kernel: [    0.298988] system 00:03: [mem 0xfed00000-0xfed003ff] has been reserved
Feb  2 01:45:29 cu-cs-vm kernel: [    0.298991] system 00:03: Plug and Play ACPI device, IDs PNP0103 PNP0c01 (active)
Feb  2 01:45:29 cu-cs-vm kernel: [    0.299143] system 00:04: [mem 0xdc000000-0xdfffffff] has been reserved
Feb  2 01:45:29 cu-cs-vm kernel: [    0.299147] system 00:04: Plug and Play ACPI device, IDs PNP0c02 (active)
Feb  2 01:45:29 cu-cs-vm kernel: [    0.299725] pnp: PnP ACPI: found 5 devices
Feb  2 01:45:29 cu-cs-vm kernel: [    0.309497] clocksource: acpi_pm: mask: 0xffffff max_cycles: 0xffffff, max_idle_ns: 2085701024 ns
Feb  2 01:45:29 cu-cs-vm kernel: [    0.309544] pci 0000:00:18.0: PCI bridge to [bus 01]
Feb  2 01:45:29 cu-cs-vm kernel: [    0.309615] pci 0000:00:19.0: PCI bridge to [bus 02]
Feb  2 01:45:29 cu-cs-vm kernel: [    0.309683] pci_bus 0000:00: resource 4 [io  0x0000-0x0cf7 window]
Feb  2 01:45:29 cu-cs-vm kernel: [    0.309685] pci_bus 0000:00: resource 5 [io  0x0d00-0xffff window]
Feb  2 01:45:29 cu-cs-vm kernel: [    0.309686] pci_bus 0000:00: resource 6 [mem 0x000a0000-0x000bffff window]
Feb  2 01:45:29 cu-cs-vm kernel: [    0.309688] pci_bus 0000:00: resource 7 [mem 0x80000000-0xffdfffff window]
Feb  2 01:45:29 cu-cs-vm kernel: [    0.309689] pci_bus 0000:01: resource 4 [io  0x0000-0x0cf7 window]
Feb  2 01:45:29 cu-cs-vm kernel: [    0.309691] pci_bus 0000:01: resource 5 [io  0x0d00-0xffff window]
Feb  2 01:45:29 cu-cs-vm kernel: [    0.309692] pci_bus 0000:01: resource 6 [mem 0x000a0000-0x000bffff window]
Feb  2 01:45:29 cu-cs-vm kernel: [    0.309693] pci_bus 0000:01: resource 7 [mem 0x80000000-0xffdfffff window]
Feb  2 01:45:29 cu-cs-vm kernel: [    0.309695] pci_bus 0000:02: resource 4 [io  0x0000-0x0cf7 window]
Feb  2 01:45:29 cu-cs-vm kernel: [    0.309696] pci_bus 0000:02: resource 5 [io  0x0d00-0xffff window]
Feb  2 01:45:29 cu-cs-vm kernel: [    0.309697] pci_bus 0000:02: resource 6 [mem 0x000a0000-0x000bffff window]
Feb  2 01:45:29 cu-cs-vm kernel: [    0.309699] pci_bus 0000:02: resource 7 [mem 0x80000000-0xffdfffff window]
Feb  2 01:45:29 cu-cs-vm kernel: [    0.309728] NET: Registered protocol family 2
Feb  2 01:45:29 cu-cs-vm kernel: [    0.309875] TCP established hash table entries: 16384 (order: 5, 131072 bytes)
Feb  2 01:45:29 cu-cs-vm kernel: [    0.309924] TCP bind hash table entries: 16384 (order: 6, 262144 bytes)
Feb  2 01:45:29 cu-cs-vm kernel: [    0.309963] TCP: Hash tables configured (established 16384 bind 16384)
Feb  2 01:45:29 cu-cs-vm kernel: [    0.309984] UDP hash table entries: 1024 (order: 3, 32768 bytes)
Feb  2 01:45:29 cu-cs-vm kernel: [    0.309992] UDP-Lite hash table entries: 1024 (order: 3, 32768 bytes)
Feb  2 01:45:29 cu-cs-vm kernel: [    0.310023] NET: Registered protocol family 1
Feb  2 01:45:29 cu-cs-vm kernel: [    0.310045] pci 0000:00:02.0: Video device with shadowed ROM
Feb  2 01:45:29 cu-cs-vm kernel: [    0.368528] PCI: CLS 0 bytes, default 64
Feb  2 01:45:29 cu-cs-vm kernel: [    0.368629] Trying to unpack rootfs image as initramfs...
Feb  2 01:45:29 cu-cs-vm kernel: [    0.867308] Freeing initrd memory: 37228K (ffff88007bba5000 - ffff88007e000000)
Feb  2 01:45:29 cu-cs-vm kernel: [    0.867596] Scanning for low memory corruption every 60 seconds
Feb  2 01:45:29 cu-cs-vm kernel: [    0.868170] futex hash table entries: 512 (order: 3, 32768 bytes)
Feb  2 01:45:29 cu-cs-vm kernel: [    0.868203] audit: initializing netlink subsys (disabled)
Feb  2 01:45:29 cu-cs-vm kernel: [    0.868217] audit: type=2000 audit(1486026235.562:1): initialized
Feb  2 01:45:29 cu-cs-vm kernel: [    0.868456] Initialise system trusted keyring
Feb  2 01:45:29 cu-cs-vm kernel: [    0.868723] HugeTLB registered 2 MB page size, pre-allocated 0 pages
Feb  2 01:45:29 cu-cs-vm kernel: [    0.870059] zbud: loaded
Feb  2 01:45:29 cu-cs-vm kernel: [    0.870350] VFS: Disk quotas dquot_6.6.0
Feb  2 01:45:29 cu-cs-vm kernel: [    0.870381] VFS: Dquot-cache hash table entries: 512 (order 0, 4096 bytes)
Feb  2 01:45:29 cu-cs-vm kernel: [    0.870610] squashfs: version 4.0 (2009/01/31) Phillip Lougher
Feb  2 01:45:29 cu-cs-vm kernel: [    0.870945] fuse init (API version 7.23)
Feb  2 01:45:29 cu-cs-vm kernel: [    0.871160] Key type big_key registered
Feb  2 01:45:29 cu-cs-vm kernel: [    0.871175] Allocating IMA MOK and blacklist keyrings.
Feb  2 01:45:29 cu-cs-vm kernel: [    0.872670] Key type asymmetric registered
Feb  2 01:45:29 cu-cs-vm kernel: [    0.872689] Asymmetric key parser 'x509' registered
Feb  2 01:45:29 cu-cs-vm kernel: [    0.872748] Block layer SCSI generic (bsg) driver version 0.4 loaded (major 249)
Feb  2 01:45:29 cu-cs-vm kernel: [    0.872831] io scheduler noop registered
Feb  2 01:45:29 cu-cs-vm kernel: [    0.872836] io scheduler deadline registered (default)
Feb  2 01:45:29 cu-cs-vm kernel: [    0.872872] io scheduler cfq registered
Feb  2 01:45:29 cu-cs-vm kernel: [    0.872950] pci_hotplug: PCI Hot Plug PCI Core version: 0.5
Feb  2 01:45:29 cu-cs-vm kernel: [    0.872955] pciehp: PCI Express Hot Plug Controller Driver version: 0.4
Feb  2 01:45:29 cu-cs-vm kernel: [    0.872980] intel_idle: does not run on family 6 model 78
Feb  2 01:45:29 cu-cs-vm kernel: [    0.873432] ACPI: AC Adapter [AC] (on-line)
Feb  2 01:45:29 cu-cs-vm kernel: [    0.873621] input: Power Button as /devices/LNXSYSTM:00/LNXPWRBN:00/input/input0
Feb  2 01:45:29 cu-cs-vm kernel: [    0.873625] ACPI: Power Button [PWRF]
Feb  2 01:45:29 cu-cs-vm kernel: [    0.873718] input: Sleep Button as /devices/LNXSYSTM:00/LNXSLPBN:00/input/input1
Feb  2 01:45:29 cu-cs-vm kernel: [    0.873721] ACPI: Sleep Button [SLPF]
Feb  2 01:45:29 cu-cs-vm kernel: [    0.874094] GHES: HEST is not enabled!
Feb  2 01:45:29 cu-cs-vm kernel: [    0.875238] ACPI: Battery Slot [BAT0] (battery present)
Feb  2 01:45:29 cu-cs-vm kernel: [    0.875374] Serial: 8250/16550 driver, 32 ports, IRQ sharing enabled
Feb  2 01:45:29 cu-cs-vm kernel: [    0.878051] Linux agpgart interface v0.103
Feb  2 01:45:29 cu-cs-vm kernel: [    0.880697] brd: module loaded
Feb  2 01:45:29 cu-cs-vm kernel: [    0.882641] loop: module loaded
Feb  2 01:45:29 cu-cs-vm kernel: [    0.882903] libphy: Fixed MDIO Bus: probed
Feb  2 01:45:29 cu-cs-vm kernel: [    0.882907] tun: Universal TUN/TAP device driver, 1.6
Feb  2 01:45:29 cu-cs-vm kernel: [    0.882909] tun: (C) 1999-2004 Max Krasnyansky <maxk@qualcomm.com>
Feb  2 01:45:29 cu-cs-vm kernel: [    0.882990] PPP generic driver version 2.4.2
Feb  2 01:45:29 cu-cs-vm kernel: [    0.883072] ehci_hcd: USB 2.0 'Enhanced' Host Controller (EHCI) Driver
Feb  2 01:45:29 cu-cs-vm kernel: [    0.883081] ehci-pci: EHCI PCI platform driver
Feb  2 01:45:29 cu-cs-vm kernel: [    0.883090] ehci-platform: EHCI generic platform driver
Feb  2 01:45:29 cu-cs-vm kernel: [    0.883099] ohci_hcd: USB 1.1 'Open' Host Controller (OHCI) Driver
Feb  2 01:45:29 cu-cs-vm kernel: [    0.883102] ohci-pci: OHCI PCI platform driver
Feb  2 01:45:29 cu-cs-vm kernel: [    0.883600] ohci-pci 0000:00:1f.4: OHCI PCI host controller
Feb  2 01:45:29 cu-cs-vm kernel: [    0.883606] ohci-pci 0000:00:1f.4: new USB bus registered, assigned bus number 1
Feb  2 01:45:29 cu-cs-vm kernel: [    0.883675] ohci-pci 0000:00:1f.4: irq 23, io mem 0xe4806000
Feb  2 01:45:29 cu-cs-vm kernel: [    0.938219] usb usb1: New USB device found, idVendor=1d6b, idProduct=0001
Feb  2 01:45:29 cu-cs-vm kernel: [    0.938224] usb usb1: New USB device strings: Mfr=3, Product=2, SerialNumber=1
Feb  2 01:45:29 cu-cs-vm kernel: [    0.938226] usb usb1: Product: OHCI PCI host controller
Feb  2 01:45:29 cu-cs-vm kernel: [    0.938228] usb usb1: Manufacturer: Linux 4.4.0-59-generic ohci_hcd
Feb  2 01:45:29 cu-cs-vm kernel: [    0.938229] usb usb1: SerialNumber: 0000:00:1f.4
Feb  2 01:45:29 cu-cs-vm kernel: [    0.938524] hub 1-0:1.0: USB hub found
Feb  2 01:45:29 cu-cs-vm kernel: [    0.938544] hub 1-0:1.0: 12 ports detected
Feb  2 01:45:29 cu-cs-vm kernel: [    0.939157] ohci-platform: OHCI generic platform driver
Feb  2 01:45:29 cu-cs-vm kernel: [    0.939253] uhci_hcd: USB Universal Host Controller Interface driver
Feb  2 01:45:29 cu-cs-vm kernel: [    0.939332] i8042: PNP: PS/2 Controller [PNP0303:PS2K,PNP0f03:PS2M] at 0x60,0x64 irq 1,12
Feb  2 01:45:29 cu-cs-vm kernel: [    0.939809] serio: i8042 KBD port at 0x60,0x64 irq 1
Feb  2 01:45:29 cu-cs-vm kernel: [    0.939815] serio: i8042 AUX port at 0x60,0x64 irq 12
Feb  2 01:45:29 cu-cs-vm kernel: [    0.940112] mousedev: PS/2 mouse device common for all mice
Feb  2 01:45:29 cu-cs-vm kernel: [    0.940574] input: AT Translated Set 2 keyboard as /devices/platform/i8042/serio0/input/input2
Feb  2 01:45:29 cu-cs-vm kernel: [    0.941148] rtc_cmos 00:02: rtc core: registered rtc_cmos as rtc0
Feb  2 01:45:29 cu-cs-vm kernel: [    0.941227] rtc_cmos 00:02: alarms up to one day, 114 bytes nvram, hpet irqs
Feb  2 01:45:29 cu-cs-vm kernel: [    0.941236] i2c /dev entries driver
Feb  2 01:45:29 cu-cs-vm kernel: [    0.941297] device-mapper: uevent: version 1.0.3
Feb  2 01:45:29 cu-cs-vm kernel: [    0.941432] device-mapper: ioctl: 4.34.0-ioctl (2015-10-28) initialised: dm-devel@redhat.com
Feb  2 01:45:29 cu-cs-vm kernel: [    0.941449] ledtrig-cpu: registered to indicate activity on CPUs
Feb  2 01:45:29 cu-cs-vm kernel: [    0.942165] NET: Registered protocol family 10
Feb  2 01:45:29 cu-cs-vm kernel: [    0.942393] NET: Registered protocol family 17
Feb  2 01:45:29 cu-cs-vm kernel: [    0.942403] Key type dns_resolver registered
Feb  2 01:45:29 cu-cs-vm systemd-modules-load[240]: Inserted module 'lp'
Feb  2 01:45:29 cu-cs-vm systemd-modules-load[240]: Inserted module 'ppdev'
Feb  2 01:45:29 cu-cs-vm systemd-modules-load[240]: Inserted module 'parport_pc'
Feb  2 01:45:29 cu-cs-vm loadkeys[245]: Loading /etc/console-setup/cached.kmap.gz
Feb  2 01:45:29 cu-cs-vm systemd[1]: Started Set console keymap.
Feb  2 01:45:29 cu-cs-vm systemd[1]: Mounting FUSE Control File System...
Feb  2 01:45:29 cu-cs-vm systemd[1]: Starting Apply Kernel Variables...
Feb  2 01:45:29 cu-cs-vm systemd[1]: Starting Create Static Device Nodes in /dev...
Feb  2 01:45:29 cu-cs-vm systemd[1]: Mounted FUSE Control File System.
Feb  2 01:45:29 cu-cs-vm systemd[1]: Started Apply Kernel Variables.
Feb  2 01:45:29 cu-cs-vm systemd[1]: Started Create Static Device Nodes in /dev.
Feb  2 01:45:29 cu-cs-vm systemd[1]: Starting udev Kernel Device Manager...
Feb  2 01:45:29 cu-cs-vm systemd[1]: Started udev Kernel Device Manager.
Feb  2 01:45:29 cu-cs-vm systemd[1]: Starting Remount Root and Kernel File Systems...
Feb  2 01:45:29 cu-cs-vm systemd[1]: Started Remount Root and Kernel File Systems.
Feb  2 01:45:29 cu-cs-vm systemd[1]: Starting Load/Save Random Seed...
Feb  2 01:45:29 cu-cs-vm systemd[1]: Starting Flush Journal to Persistent Storage...
Feb  2 01:45:29 cu-cs-vm systemd[1]: Reached target Local File Systems (Pre).
Feb  2 01:45:29 cu-cs-vm systemd[1]: Starting udev Coldplug all Devices...
Feb  2 01:45:29 cu-cs-vm systemd[1]: Started Load/Save Random Seed.
Feb  2 01:45:29 cu-cs-vm systemd[1]: Started Flush Journal to Persistent Storage.
Feb  2 01:45:29 cu-cs-vm systemd[1]: Started udev Coldplug all Devices.
Feb  2 01:45:29 cu-cs-vm systemd[1]: Starting Show Plymouth Boot Screen...
Feb  2 01:45:29 cu-cs-vm systemd[1]: Started Show Plymouth Boot Screen.
Feb  2 01:45:29 cu-cs-vm systemd[1]: Started Forward Password Requests to Plymouth Directory Watch.
Feb  2 01:45:29 cu-cs-vm mtp-probe: checking bus 1, device 2: "/sys/devices/pci0000:00/0000:00:1f.4/usb1/1-1"
Feb  2 01:45:29 cu-cs-vm mtp-probe: bus: 1, device: 2 was not an MTP device
Feb  2 01:45:29 cu-cs-vm systemd-udevd[308]: worker [339] terminated by signal 11 (Segmentation fault)
Feb  2 01:45:29 cu-cs-vm systemd-udevd[308]: worker [339] failed while handling '/devices/pci0000:00/0000:00:02.0'
Feb  2 01:45:29 cu-cs-vm systemd-udevd[337]: Process '/lib/udev/hdparm' failed with exit code 5.
Feb  2 01:45:29 cu-cs-vm systemd[1]: Found device VBOX_HARDDISK 1.
Feb  2 01:45:29 cu-cs-vm systemd[1]: Starting File System Check on /dev/disk/by-uuid/cdc63320-d9b3-4941-85c9-01e6f9786fb3...
Feb  2 01:45:29 cu-cs-vm systemd[1]: Started File System Check Daemon to report status.
Feb  2 01:45:29 cu-cs-vm systemd[1]: Started File System Check on /dev/disk/by-uuid/cdc63320-d9b3-4941-85c9-01e6f9786fb3.
Feb  2 01:45:29 cu-cs-vm systemd[1]: Mounting /home...
Feb  2 01:45:29 cu-cs-vm systemd[1]: Listening on Load/Save RF Kill Switch Status /dev/rfkill Watch.
Feb  2 01:45:29 cu-cs-vm systemd[1]: Mounted /home.
Feb  2 01:45:29 cu-cs-vm systemd[1]: Reached target Local File Systems.
Feb  2 01:45:29 cu-cs-vm systemd[1]: Starting Tell Plymouth To Write Out Runtime Data...
Feb  2 01:45:29 cu-cs-vm systemd[1]: Starting Create Volatile Files and Directories...
Feb  2 01:45:29 cu-cs-vm systemd[1]: Starting LSB: AppArmor initialization...
Feb  2 01:45:29 cu-cs-vm systemd[1]: Starting Set console font and keymap...
Feb  2 01:45:29 cu-cs-vm systemd-tmpfiles[554]: [/usr/lib/tmpfiles.d/var.conf:14] Duplicate line for path "/var/log", ignoring.
Feb  2 01:45:29 cu-cs-vm systemd[1]: Starting Enable support for additional executable binary formats...
Feb  2 01:45:29 cu-cs-vm systemd[1]: Started Tell Plymouth To Write Out Runtime Data.
Feb  2 01:45:29 cu-cs-vm systemd[1]: Started Create Volatile Files and Directories.
Feb  2 01:45:29 cu-cs-vm systemd[1]: proc-sys-fs-binfmt_misc.automount: Got automount request for /proc/sys/fs/binfmt_misc, triggered by 560 (update-binfmts)
Feb  2 01:45:29 cu-cs-vm apparmor[555]:  * Starting AppArmor profiles
Feb  2 01:45:29 cu-cs-vm systemd[1]: Mounting Arbitrary Executable File Formats File System...
Feb  2 01:45:29 cu-cs-vm systemd[1]: Starting Update UTMP about System Boot/Shutdown...
Feb  2 01:45:29 cu-cs-vm systemd[1]: Reached target System Time Synchronized.
Feb  2 01:45:29 cu-cs-vm systemd[1]: Mounted Arbitrary Executable File Formats File System.
Feb  2 01:45:29 cu-cs-vm systemd[1]: Started Enable support for additional executable binary formats.
Feb  2 01:45:29 cu-cs-vm systemd[1]: Started Update UTMP about System Boot/Shutdown.
Feb  2 01:45:29 cu-cs-vm apparmor[555]: Skipping profile in /etc/apparmor.d/disable: usr.bin.firefox
Feb  2 01:45:29 cu-cs-vm apparmor[555]: Skipping profile in /etc/apparmor.d/disable: usr.sbin.rsyslogd
Feb  2 01:45:29 cu-cs-vm apparmor[555]:    ...done.
Feb  2 01:45:29 cu-cs-vm systemd[1]: Started LSB: AppArmor initialization.
Feb  2 01:45:29 cu-cs-vm systemd[1]: Reached target System Initialization.
Feb  2 01:45:29 cu-cs-vm systemd[1]: snapd.refresh.timer: Adding 2h 7min 52.433250s random time.
Feb  2 01:45:29 cu-cs-vm systemd[1]: snapd.refresh.timer: Adding 5h 11min 23.806127s random time.
Feb  2 01:45:29 cu-cs-vm systemd[1]: Started Timer to automatically refresh installed snaps.
Feb  2 01:45:29 cu-cs-vm systemd[1]: Listening on Avahi mDNS/DNS-SD Stack Activation Socket.
Feb  2 01:45:29 cu-cs-vm systemd[1]: Starting Socket activation for snappy daemon.
Feb  2 01:45:29 cu-cs-vm systemd[1]: apt-daily.timer: Adding 8h 27min 50.385770s random time.
Feb  2 01:45:29 cu-cs-vm systemd[1]: Started Daily apt activities.
Feb  2 01:45:29 cu-cs-vm systemd[1]: Listening on D-Bus System Message Bus Socket.
Feb  2 01:45:29 cu-cs-vm systemd[1]: Listening on UUID daemon activation socket.
Feb  2 01:45:29 cu-cs-vm systemd[1]: Listening on ACPID Listen Socket.
Feb  2 01:45:29 cu-cs-vm systemd[1]: Listening on CUPS Scheduler.
Feb  2 01:45:29 cu-cs-vm systemd[1]: Started Daily Cleanup of Temporary Directories.
Feb  2 01:45:29 cu-cs-vm systemd[1]: Reached target Timers.
Feb  2 01:45:29 cu-cs-vm systemd[1]: Started ACPI Events Check.
Feb  2 01:45:29 cu-cs-vm systemd[1]: Started Trigger resolvconf update for networkd DNS.
Feb  2 01:45:29 cu-cs-vm systemd[1]: Started CUPS Scheduler.
Feb  2 01:45:29 cu-cs-vm systemd[1]: Reached target Paths.
Feb  2 01:45:29 cu-cs-vm systemd[1]: Starting Raise network interfaces...
Feb  2 01:45:29 cu-cs-vm systemd[1]: Listening on Socket activation for snappy daemon.
Feb  2 01:45:29 cu-cs-vm systemd[1]: Reached target Sockets.
Feb  2 01:45:29 cu-cs-vm systemd[1]: Reached target Basic System.
Feb  2 01:45:29 cu-cs-vm systemd[1]: Starting LSB: daemon to balance interrupts for SMP systems...
Feb  2 01:45:29 cu-cs-vm systemd[1]: Starting vboxadd.service...
Feb  2 01:45:29 cu-cs-vm systemd[1]: Started Snappy daemon.
Feb  2 01:45:29 cu-cs-vm systemd[1]: Starting LSB: Speech Dispatcher...
Feb  2 01:45:29 cu-cs-vm systemd[1]: Starting Login Service...
Feb  2 01:45:29 cu-cs-vm systemd[1]: Starting vboxadd-x11.service...
Feb  2 01:45:29 cu-cs-vm systemd[1]: Started Regular background program processing daemon.
Feb  2 01:45:29 cu-cs-vm /usr/lib/snapd/snapd[668]: daemon.go:207: DEBUG: init done in 426.168s
Feb  2 01:45:29 cu-cs-vm systemd[1]: Starting LSB: Record successful boot for GRUB...
Feb  2 01:45:29 cu-cs-vm systemd[1]: Starting LSB: automatic crash report generation...
Feb  2 01:45:29 cu-cs-vm systemd[1]: Starting Permit User Sessions...
Feb  2 01:45:29 cu-cs-vm systemd[1]: Started ACPI event daemon.
Feb  2 01:45:29 cu-cs-vm cron[674]: (CRON) INFO (pidfile fd = 3)
Feb  2 01:45:29 cu-cs-vm cron[674]: (CRON) INFO (Running @reboot jobs)
Feb  2 01:45:29 cu-cs-vm systemd[1]: Started CUPS Scheduler.
Feb  2 01:45:29 cu-cs-vm systemd[1]: Started crash report submission daemon.
Feb  2 01:45:29 cu-cs-vm systemd[1]: Starting Avahi mDNS/DNS-SD Stack...
Feb  2 01:45:29 cu-cs-vm systemd[1]: Started Run anacron jobs.
Feb  2 01:45:29 cu-cs-vm avahi-daemon[734]: Found user 'avahi' (UID 111) and group 'avahi' (GID 120).
Feb  2 01:45:29 cu-cs-vm avahi-daemon[734]: Successfully dropped root privileges.
Feb  2 01:45:29 cu-cs-vm avahi-daemon[734]: avahi-daemon 0.6.32-rc starting up.
Feb  2 01:45:29 cu-cs-vm systemd[1]: Started D-Bus System Message Bus.
Feb  2 01:45:29 cu-cs-vm anacron[739]: Anacron 2.3 started on 2017-02-02
Feb  2 01:45:29 cu-cs-vm anacron[739]: Normal exit (0 jobs run)
Feb  2 01:45:29 cu-cs-vm dbus[743]: [system] AppArmor D-Bus mediation is enabled
Feb  2 01:45:29 cu-cs-vm whoopsie[726]: [01:45:29] Using lock path: /var/lock/whoopsie/lock
Feb  2 01:45:29 cu-cs-vm avahi-daemon[734]: Successfully called chroot().
Feb  2 01:45:29 cu-cs-vm avahi-daemon[734]: Successfully dropped remaining capabilities.
Feb  2 01:45:29 cu-cs-vm avahi-daemon[734]: No service file found in /etc/avahi/services.
Feb  2 01:45:29 cu-cs-vm avahi-daemon[734]: Network interface enumeration completed.
Feb  2 01:45:29 cu-cs-vm avahi-daemon[734]: Server startup complete. Host name is cu-cs-vm.local. Local service cookie is 87336064.
Feb  2 01:45:29 cu-cs-vm dbus[743]: [system] Successfully activated service 'org.freedesktop.systemd1'
Feb  2 01:45:29 cu-cs-vm systemd[1]: Started Avahi mDNS/DNS-SD Stack.
Feb  2 01:45:29 cu-cs-vm systemd[1]: Started Make remote CUPS printers available locally.
Feb  2 01:45:29 cu-cs-vm acpid: starting up with netlink and the input layer
Feb  2 01:45:29 cu-cs-vm systemd[1]: Starting Network Manager...
Feb  2 01:45:29 cu-cs-vm acpid: 9 rules loaded
Feb  2 01:45:29 cu-cs-vm systemd[1]: Starting LSB: Set the CPU Frequency Scaling governor to "ondemand"...
Feb  2 01:45:29 cu-cs-vm acpid: waiting for events: event logging is off
Feb  2 01:45:29 cu-cs-vm systemd[1]: Starting Detect the available GPUs and deal with any system changes...
Feb  2 01:45:29 cu-cs-vm systemd[1]: Starting Initialize hardware monitoring sensors...
Feb  2 01:45:29 cu-cs-vm systemd[1]: Starting Restore /etc/resolv.conf if the system crashed before the ppp link was shut down...
Feb  2 01:45:29 cu-cs-vm systemd[1]: Starting LSB: Execute the kexec -e command to reboot system...
Feb  2 01:45:29 cu-cs-vm gpu-manager[757]: /etc/modprobe.d is not a file
Feb  2 01:45:29 cu-cs-vm gpu-manager[757]: message repeated 3 times: [ /etc/modprobe.d is not a file]
Feb  2 01:45:29 cu-cs-vm systemd[1]: Starting System Logging Service...
Feb  2 01:45:29 cu-cs-vm sensors[758]: No sensors found!
Feb  2 01:45:29 cu-cs-vm sensors[758]: Make sure you loaded all the kernel drivers you need.
Feb  2 01:45:29 cu-cs-vm sensors[758]: Try sensors-detect to find out which these are.
Feb  2 01:45:29 cu-cs-vm systemd[1]: Starting Thermal Daemon Service...
Feb  2 01:45:29 cu-cs-vm systemd[1]: Starting Accounts Service...
Feb  2 01:45:29 cu-cs-vm kernel: [    0.942600] microcode: CPU0 sig=0x406e3, pf=0x2, revision=0x0
Feb  2 01:45:29 cu-cs-vm kernel: [    0.942632] microcode: CPU1 sig=0x406e3, pf=0x2, revision=0x0
Feb  2 01:45:29 cu-cs-vm kernel: [    0.942716] microcode: Microcode Update Driver: v2.01 <tigran@aivazian.fsnet.co.uk>, Peter Oruba
Feb  2 01:45:29 cu-cs-vm kernel: [    0.943083] registered taskstats version 1
Feb  2 01:45:29 cu-cs-vm kernel: [    0.943101] Loading compiled-in X.509 certificates
Feb  2 01:45:29 cu-cs-vm kernel: [    0.943731] Loaded X.509 cert 'Build time autogenerated kernel key: 6ffa6bfaa152a74cd2b6aa1e188cb999d8f5632b'
Feb  2 01:45:29 cu-cs-vm kernel: [    0.943748] zswap: loaded using pool lzo/zbud
Feb  2 01:45:29 cu-cs-vm kernel: [    0.946462] Key type trusted registered
Feb  2 01:45:29 cu-cs-vm kernel: [    0.949639] Key type encrypted registered
Feb  2 01:45:29 cu-cs-vm kernel: [    0.949647] AppArmor: AppArmor sha1 policy hashing enabled
Feb  2 01:45:29 cu-cs-vm kernel: [    0.949650] ima: No TPM chip found, activating TPM-bypass!
Feb  2 01:45:29 cu-cs-vm kernel: [    0.949671] evm: HMAC attrs: 0x1
Feb  2 01:45:29 cu-cs-vm kernel: [    0.950018]   Magic number: 5:207:775
Feb  2 01:45:29 cu-cs-vm kernel: [    0.950026] misc psaux: hash matches
Feb  2 01:45:29 cu-cs-vm kernel: [    0.950040] misc fuse: hash matches
Feb  2 01:45:29 cu-cs-vm kernel: [    0.950127] rtc_cmos 00:02: setting system clock to 2017-02-02 08:45:24 UTC (1486025124)
Feb  2 01:45:29 cu-cs-vm kernel: [    0.950209] BIOS EDD facility v0.16 2004-Jun-25, 0 devices found
Feb  2 01:45:29 cu-cs-vm kernel: [    0.950210] EDD information not available.
Feb  2 01:45:29 cu-cs-vm kernel: [    0.950257] PM: Hibernation image not present or could not be loaded.
Feb  2 01:45:29 cu-cs-vm kernel: [    0.951210] Freeing unused kernel memory: 1488K (ffffffff81f44000 - ffffffff820b8000)
Feb  2 01:45:29 cu-cs-vm kernel: [    0.951211] Write protecting the kernel read-only data: 14336k
Feb  2 01:45:29 cu-cs-vm kernel: [    0.951807] Freeing unused kernel memory: 1792K (ffff88007e840000 - ffff88007ea00000)
Feb  2 01:45:29 cu-cs-vm kernel: [    0.952122] Freeing unused kernel memory: 136K (ffff88007edde000 - ffff88007ee00000)
Feb  2 01:45:29 cu-cs-vm kernel: [    0.966680] random: systemd-udevd: uninitialized urandom read (16 bytes read, 2 bits of entropy available)
Feb  2 01:45:29 cu-cs-vm kernel: [    0.966743] random: systemd-udevd: uninitialized urandom read (16 bytes read, 2 bits of entropy available)
Feb  2 01:45:29 cu-cs-vm kernel: [    0.966756] random: systemd-udevd: uninitialized urandom read (16 bytes read, 2 bits of entropy available)
Feb  2 01:45:29 cu-cs-vm kernel: [    0.967220] random: udevadm: uninitialized urandom read (16 bytes read, 2 bits of entropy available)
Feb  2 01:45:29 cu-cs-vm kernel: [    0.967253] random: udevadm: uninitialized urandom read (16 bytes read, 2 bits of entropy available)
Feb  2 01:45:29 cu-cs-vm kernel: [    0.967355] random: udevadm: uninitialized urandom read (16 bytes read, 2 bits of entropy available)
Feb  2 01:45:29 cu-cs-vm kernel: [    0.967391] random: udevadm: uninitialized urandom read (16 bytes read, 2 bits of entropy available)
Feb  2 01:45:29 cu-cs-vm kernel: [    0.967423] random: udevadm: uninitialized urandom read (16 bytes read, 2 bits of entropy available)
Feb  2 01:45:29 cu-cs-vm kernel: [    0.967457] random: udevadm: uninitialized urandom read (16 bytes read, 2 bits of entropy available)
Feb  2 01:45:29 cu-cs-vm kernel: [    0.967497] random: udevadm: uninitialized urandom read (16 bytes read, 2 bits of entropy available)
Feb  2 01:45:29 cu-cs-vm kernel: [    0.988853] e1000: Intel(R) PRO/1000 Network Driver - version 7.3.21-k8-NAPI
Feb  2 01:45:29 cu-cs-vm kernel: [    0.988856] e1000: Copyright (c) 1999-2006 Intel Corporation.
Feb  2 01:45:29 cu-cs-vm kernel: [    0.995108] ACPI: Video Device [GFX0] (multi-head: yes  rom: no  post: no)
Feb  2 01:45:29 cu-cs-vm kernel: [    0.995175] input: Video Bus as /devices/LNXSYSTM:00/LNXSYBUS:00/PNP0A03:00/LNXVIDEO:00/input/input4
Feb  2 01:45:29 cu-cs-vm kernel: [    0.997660] FUJITSU Extended Socket Network Device Driver - version 1.0 - Copyright (c) 2015 FUJITSU LIMITED
Feb  2 01:45:29 cu-cs-vm kernel: [    1.202591] input: ImExPS/2 Generic Explorer Mouse as /devices/platform/i8042/serio1/input/input5
Feb  2 01:45:29 cu-cs-vm kernel: [    1.313264] usb 1-1: new full-speed USB device number 2 using ohci-pci
Feb  2 01:45:29 cu-cs-vm kernel: [    1.362337] e1000 0000:00:03.0 eth0: (PCI:33MHz:32-bit) 08:00:27:f1:f6:2a
Feb  2 01:45:29 cu-cs-vm kernel: [    1.362345] e1000 0000:00:03.0 eth0: Intel(R) PRO/1000 Network Connection
Feb  2 01:45:29 cu-cs-vm kernel: [    1.362378] ahci 0000:00:1f.2: version 3.0
Feb  2 01:45:29 cu-cs-vm kernel: [    1.363054] ahci 0000:00:1f.2: SSS flag set, parallel bus scan disabled
Feb  2 01:45:29 cu-cs-vm kernel: [    1.363188] ahci 0000:00:1f.2: AHCI 0001.0100 32 slots 2 ports 3 Gbps 0x3 impl SATA mode
Feb  2 01:45:29 cu-cs-vm kernel: [    1.363190] ahci 0000:00:1f.2: flags: 64bit ncq stag only ccc 
Feb  2 01:45:29 cu-cs-vm kernel: [    1.363814] scsi host0: ahci
Feb  2 01:45:29 cu-cs-vm kernel: [    1.363997] scsi host1: ahci
Feb  2 01:45:29 cu-cs-vm kernel: [    1.364069] ata1: SATA max UDMA/133 abar m8192@0xe4804000 port 0xe4804100 irq 24
Feb  2 01:45:29 cu-cs-vm kernel: [    1.364075] ata2: SATA max UDMA/133 abar m8192@0xe4804000 port 0xe4804180 irq 24
Feb  2 01:45:29 cu-cs-vm kernel: [    1.364545] e1000 0000:00:03.0 enp0s3: renamed from eth0
Feb  2 01:45:29 cu-cs-vm kernel: [    1.577806] usb 1-1: New USB device found, idVendor=80ee, idProduct=0021
Feb  2 01:45:29 cu-cs-vm kernel: [    1.577810] usb 1-1: New USB device strings: Mfr=1, Product=3, SerialNumber=0
Feb  2 01:45:29 cu-cs-vm kernel: [    1.577812] usb 1-1: Product: USB Tablet
Feb  2 01:45:29 cu-cs-vm kernel: [    1.577813] usb 1-1: Manufacturer: VirtualBox
Feb  2 01:45:29 cu-cs-vm kernel: [    1.585960] hidraw: raw HID events driver (C) Jiri Kosina
Feb  2 01:45:29 cu-cs-vm kernel: [    1.599229] usbcore: registered new interface driver usbhid
Feb  2 01:45:29 cu-cs-vm kernel: [    1.599233] usbhid: USB HID core driver
Feb  2 01:45:29 cu-cs-vm kernel: [    1.603561] input: VirtualBox USB Tablet as /devices/pci0000:00/0000:00:1f.4/usb1/1-1/1-1:1.0/0003:80EE:0021.0001/input/input6
Feb  2 01:45:29 cu-cs-vm kernel: [    1.603765] hid-generic 0003:80EE:0021.0001: input,hidraw0: USB HID v1.10 Mouse [VirtualBox USB Tablet] on usb-0000:00:1f.4-1/input0
Feb  2 01:45:29 cu-cs-vm kernel: [    1.681888] ata1: SATA link up 3.0 Gbps (SStatus 123 SControl 300)
Feb  2 01:45:29 cu-cs-vm kernel: [    1.682090] ata1.00: ATA-8: VBOX HARDDISK, 1.0, max UDMA/133
Feb  2 01:45:29 cu-cs-vm kernel: [    1.682094] ata1.00: 134217728 sectors, multi 128: LBA48 NCQ (depth 31/32)
Feb  2 01:45:29 cu-cs-vm kernel: [    1.682437] ata1.00: configured for UDMA/133
Feb  2 01:45:29 cu-cs-vm kernel: [    1.682724] scsi 0:0:0:0: Direct-Access     ATA      VBOX HARDDISK    1.0  PQ: 0 ANSI: 5
Feb  2 01:45:29 cu-cs-vm kernel: [    1.682920] sd 0:0:0:0: [sda] 134217728 512-byte logical blocks: (68.7 GB/64.0 GiB)
Feb  2 01:45:29 cu-cs-vm kernel: [    1.682940] sd 0:0:0:0: [sda] Write Protect is off
Feb  2 01:45:29 cu-cs-vm kernel: [    1.682943] sd 0:0:0:0: [sda] Mode Sense: 00 3a 00 00
Feb  2 01:45:29 cu-cs-vm kernel: [    1.682952] sd 0:0:0:0: [sda] Write cache: enabled, read cache: enabled, doesn't support DPO or FUA
Feb  2 01:45:29 cu-cs-vm kernel: [    1.683094] sd 0:0:0:0: Attached scsi generic sg0 type 0
Feb  2 01:45:29 cu-cs-vm kernel: [    1.683231]  sda: sda1
Feb  2 01:45:29 cu-cs-vm kernel: [    1.683358] sd 0:0:0:0: [sda] Attached SCSI disk
Feb  2 01:45:29 cu-cs-vm kernel: [    1.865625] tsc: Refined TSC clocksource calibration: 1993.495 MHz
Feb  2 01:45:29 cu-cs-vm kernel: [    1.865630] clocksource: tsc: mask: 0xffffffffffffffff max_cycles: 0x39785b5968e, max_idle_ns: 881590785978 ns
Feb  2 01:45:29 cu-cs-vm kernel: [    2.001491] ata2: SATA link up 3.0 Gbps (SStatus 123 SControl 300)
Feb  2 01:45:29 cu-cs-vm kernel: [    2.001656] ata2.00: ATAPI: VBOX CD-ROM, 1.0, max UDMA/133
Feb  2 01:45:29 cu-cs-vm kernel: [    2.001660] ata2.00: applying bridge limits
Feb  2 01:45:29 cu-cs-vm kernel: [    2.001881] ata2.00: configured for UDMA/100
Feb  2 01:45:29 cu-cs-vm kernel: [    2.002436] scsi 1:0:0:0: CD-ROM            VBOX     CD-ROM           1.0  PQ: 0 ANSI: 5
Feb  2 01:45:29 cu-cs-vm kernel: [    2.009793] sr 1:0:0:0: [sr0] scsi3-mmc drive: 32x/32x xa/form2 tray
Feb  2 01:45:29 cu-cs-vm kernel: [    2.009797] cdrom: Uniform CD-ROM driver Revision: 3.20
Feb  2 01:45:29 cu-cs-vm kernel: [    2.009983] sr 1:0:0:0: Attached scsi CD-ROM sr0
Feb  2 01:45:29 cu-cs-vm kernel: [    2.010120] sr 1:0:0:0: Attached scsi generic sg1 type 5
Feb  2 01:45:29 cu-cs-vm kernel: [    4.024562] floppy0: no floppy controllers found
Feb  2 01:45:29 cu-cs-vm kernel: [    4.024648] work still pending
Feb  2 01:45:29 cu-cs-vm kernel: [    4.121137] raid6: sse2x1   gen()  8307 MB/s
Feb  2 01:45:29 cu-cs-vm kernel: [    4.189284] raid6: sse2x1   xor()  5437 MB/s
Feb  2 01:45:29 cu-cs-vm kernel: [    4.257142] raid6: sse2x2   gen() 10180 MB/s
Feb  2 01:45:29 cu-cs-vm kernel: [    4.325344] raid6: sse2x2   xor()  6990 MB/s
Feb  2 01:45:29 cu-cs-vm kernel: [    4.393312] raid6: sse2x4   gen()  8456 MB/s
Feb  2 01:45:29 cu-cs-vm kernel: [    4.461629] raid6: sse2x4   xor()  6626 MB/s
Feb  2 01:45:29 cu-cs-vm kernel: [    4.461633] raid6: using algorithm sse2x2 gen() 10180 MB/s
Feb  2 01:45:29 cu-cs-vm kernel: [    4.461634] raid6: .... xor() 6990 MB/s, rmw enabled
Feb  2 01:45:29 cu-cs-vm kernel: [    4.461657] raid6: using ssse3x2 recovery algorithm
Feb  2 01:45:29 cu-cs-vm kernel: [    4.463863] xor: automatically using best checksumming function:
Feb  2 01:45:29 cu-cs-vm kernel: [    4.501472]    avx       : 19200.000 MB/sec
Feb  2 01:45:29 cu-cs-vm kernel: [    4.519489] Btrfs loaded
Feb  2 01:45:29 cu-cs-vm kernel: [    4.566670] BTRFS: device fsid cdc63320-d9b3-4941-85c9-01e6f9786fb3 devid 1 transid 11101 /dev/sda1
Feb  2 01:45:29 cu-cs-vm kernel: [    4.594050] BTRFS info (device sda1): disk space caching is enabled
Feb  2 01:45:29 cu-cs-vm kernel: [    4.594053] BTRFS: has skinny extents
Feb  2 01:45:29 cu-cs-vm kernel: [    4.602740] BTRFS: detected SSD devices, enabling SSD mode
Feb  2 01:45:29 cu-cs-vm kernel: [    4.900271] lp: driver loaded but no devices found
Feb  2 01:45:29 cu-cs-vm kernel: [    4.907931] ppdev: user-space parallel port driver
Feb  2 01:45:29 cu-cs-vm kernel: [    5.080061] BTRFS info (device sda1): enabling auto defrag
Feb  2 01:45:29 cu-cs-vm kernel: [    5.080064] BTRFS info (device sda1): disk space caching is enabled
Feb  2 01:45:29 cu-cs-vm kernel: [    5.209345] piix4_smbus 0000:00:07.0: SMBus Host Controller at 0x4100, revision 0
Feb  2 01:45:29 cu-cs-vm kernel: [    5.215688] vboxguest: module verification failed: signature and/or required key missing - tainting kernel
Feb  2 01:45:29 cu-cs-vm kernel: [    5.218307] intel_rng: FWH not detected
Feb  2 01:45:29 cu-cs-vm kernel: [    5.222410] vgdrvHeartbeatInit: Setting up heartbeat to trigger every 2000 milliseconds
Feb  2 01:45:29 cu-cs-vm kernel: [    5.222525] input: Unspecified device as /devices/pci0000:00/0000:00:04.0/input/input7
Feb  2 01:45:29 cu-cs-vm kernel: [    5.222669] vboxguest: misc device minor 55, IRQ 20, I/O port d020, MMIO at 00000000e4400000 (size 0x400000)
Feb  2 01:45:29 cu-cs-vm kernel: [    5.222672] vboxguest: Successfully loaded version 5.1.12 (interface 0x00010004)
Feb  2 01:45:29 cu-cs-vm kernel: [    5.250005] lpc_ich 0000:00:1f.0: I/O space for GPIO uninitialized
Feb  2 01:45:29 cu-cs-vm kernel: [    5.256909] leds_ss4200: no LED devices found
Feb  2 01:45:29 cu-cs-vm kernel: [    5.278301] [drm] Initialized drm 1.1.0 20060810
Feb  2 01:45:29 cu-cs-vm kernel: [    5.350923] AVX version of gcm_enc/dec engaged.
Feb  2 01:45:29 cu-cs-vm kernel: [    5.350928] AES CTR mode by8 optimization enabled
Feb  2 01:45:29 cu-cs-vm kernel: [    5.357654] [drm] VRAM 04000000
Feb  2 01:45:29 cu-cs-vm kernel: [    5.359325] [TTM] Zone  kernel: Available graphics memory: 1024110 kiB
Feb  2 01:45:29 cu-cs-vm kernel: [    5.359331] [TTM] Initializing pool allocator
Feb  2 01:45:29 cu-cs-vm kernel: [    5.359340] [TTM] Initializing DMA pool allocator
Feb  2 01:45:29 cu-cs-vm kernel: [    5.360068] fbcon: vboxdrmfb (fb0) is primary device
Feb  2 01:45:29 cu-cs-vm kernel: [    5.363955] Console: switching to colour frame buffer device 100x37
Feb  2 01:45:29 cu-cs-vm kernel: [    5.364645] 
Feb  2 01:45:29 cu-cs-vm kernel: [    5.364645] !!Assertion Failed!!
Feb  2 01:45:29 cu-cs-vm kernel: [    5.364645] Expression: (null)
Feb  2 01:45:29 cu-cs-vm kernel: [    5.364645] Location  : /tmp/vbox.0/vbox_main.c(82) vbox_enable_accel
Feb  2 01:45:29 cu-cs-vm kernel: [    5.364659] VBoxVBVAEnable failed - heap allocation error, very old host or driver error.
Feb  2 01:45:29 cu-cs-vm kernel: [    5.364677] int3: 0000 [#1] SMP 
Feb  2 01:45:29 cu-cs-vm kernel: [    5.364690] Modules linked in: snd_seq_device vboxvideo(OE+) snd_timer aesni_intel ttm aes_x86_64 lrw gf128mul glue_helper ablk_helper cryptd drm_kms_helper joydev snd input_leds lpc_ich drm serio_raw soundcore fb_sys_fops syscopyarea vboxguest(OE) sysfillrect sysimgblt i2c_piix4 floppy(+) mac_hid 8250_fintek parport_pc ppdev lp parport autofs4 btrfs xor raid6_pq hid_generic usbhid hid psmouse ahci fjes video libahci e1000
Feb  2 01:45:29 cu-cs-vm kernel: [    5.364692] CPU: 0 PID: 339 Comm: systemd-udevd Tainted: G           OE   4.4.0-59-generic #80-Ubuntu
Feb  2 01:45:29 cu-cs-vm kernel: [    5.364693] Hardware name: innotek GmbH VirtualBox/VirtualBox, BIOS VirtualBox 12/01/2006
Feb  2 01:45:29 cu-cs-vm kernel: [    5.364694] task: ffff880077c57000 ti: ffff880077f38000 task.ti: ffff880077f38000
Feb  2 01:45:29 cu-cs-vm kernel: [    5.364701] RIP: 0010:[<ffffffffc03c9a18>]  [<ffffffffc03c9a18>] vbox_enable_accel+0xb8/0xf0 [vboxvideo]
Feb  2 01:45:29 cu-cs-vm kernel: [    5.364702] RSP: 0018:ffff880077f3b440  EFLAGS: 00000246
Feb  2 01:45:29 cu-cs-vm kernel: [    5.364703] RAX: 0000000000000001 RBX: 00000000001f0000 RCX: 0000000000000002
Feb  2 01:45:29 cu-cs-vm kernel: [    5.364703] RDX: 0000000000000000 RSI: 0000000000000296 RDI: ffff880077f3b368
Feb  2 01:45:29 cu-cs-vm kernel: [    5.364704] RBP: ffff880077f3b460 R08: 0000000000000004 R09: 000000000000004d
Feb  2 01:45:29 cu-cs-vm kernel: [    5.364705] R10: ffff880077f3b2ca R11: 0000000000036024 R12: ffff880077ab8010
Feb  2 01:45:29 cu-cs-vm kernel: [    5.364705] R13: 0000000000000000 R14: ffff880077ab8000 R15: ffff880075791400
Feb  2 01:45:29 cu-cs-vm kernel: [    5.364706] FS:  00007f4ccc2688c0(0000) GS:ffff88007fc00000(0000) knlGS:0000000000000000
Feb  2 01:45:29 cu-cs-vm kernel: [    5.364707] CS:  0010 DS: 0000 ES: 0000 CR0: 0000000080050033
Feb  2 01:45:29 cu-cs-vm kernel: [    5.364707] CR2: 00007f532475a028 CR3: 0000000076b1b000 CR4: 00000000000406f0
Feb  2 01:45:29 cu-cs-vm kernel: [    5.364716] DR0: 0000000000000000 DR1: 0000000000000000 DR2: 0000000000000000
Feb  2 01:45:29 cu-cs-vm kernel: [    5.364716] DR3: 0000000000000000 DR6: 00000000fffe0ff0 DR7: 0000000000000400
Feb  2 01:45:29 cu-cs-vm kernel: [    5.364717] Stack:
Feb  2 01:45:29 cu-cs-vm kernel: [    5.364721]  ffff880077f3b510 ffff880077ab87d8 ffff880077ab8000 ffff88007d9a96a0
Feb  2 01:45:29 cu-cs-vm kernel: [    5.364722]  ffff880077f3b4d0 ffffffffc03c9ba4 0000000000000000 ffffffff810caf11
Feb  2 01:45:29 cu-cs-vm kernel: [    5.364724]  ffff880077ab8010 00000001ffffffff ffff880077f3b508 0000000000000000
Feb  2 01:45:29 cu-cs-vm kernel: [    5.364724] Call Trace:
Feb  2 01:45:29 cu-cs-vm kernel: [    5.364733]  [<ffffffffc03c9ba4>] vbox_framebuffer_dirty_rectangles+0xd4/0x1c0 [vboxvideo]
Feb  2 01:45:29 cu-cs-vm kernel: [    5.364739]  [<ffffffff810caf11>] ? __raw_callee_save___pv_queued_spin_unlock+0x11/0x20
Feb  2 01:45:29 cu-cs-vm kernel: [    5.364742]  [<ffffffffc03c8f57>] vbox_dirty_update+0x1e7/0x390 [vboxvideo]
Feb  2 01:45:29 cu-cs-vm kernel: [    5.364745]  [<ffffffffc03c91ef>] vbox_imageblit+0x2f/0x40 [vboxvideo]
Feb  2 01:45:29 cu-cs-vm kernel: [    5.364748]  [<ffffffff81475a5d>] soft_cursor+0x1ad/0x230
Feb  2 01:45:29 cu-cs-vm kernel: [    5.364750]  [<ffffffff81475206>] bit_cursor+0x646/0x680
Feb  2 01:45:29 cu-cs-vm kernel: [    5.364752]  [<ffffffff810d7a09>] ? console_trylock+0x19/0x60
Feb  2 01:45:29 cu-cs-vm kernel: [    5.364753]  [<ffffffff810d8fce>] ? vprintk_emit+0x29e/0x520
Feb  2 01:45:29 cu-cs-vm kernel: [    5.364779]  [<ffffffffc02c3332>] ? drm_modeset_unlock_all+0x42/0x60 [drm]
Feb  2 01:45:29 cu-cs-vm kernel: [    5.364781]  [<ffffffff81474bc0>] ? update_attr.isra.2+0x90/0x90
Feb  2 01:45:29 cu-cs-vm kernel: [    5.364782]  [<ffffffff81470d7a>] fbcon_cursor+0x14a/0x1c0
Feb  2 01:45:29 cu-cs-vm kernel: [    5.364786]  [<ffffffff81505c18>] hide_cursor+0x28/0x90
Feb  2 01:45:29 cu-cs-vm kernel: [    5.364788]  [<ffffffff8150714b>] redraw_screen+0x18b/0x2a0
Feb  2 01:45:29 cu-cs-vm kernel: [    5.364789]  [<ffffffff81507f2c>] do_bind_con_driver+0x2cc/0x3a0
Feb  2 01:45:29 cu-cs-vm kernel: [    5.364791]  [<ffffffff81508339>] do_take_over_console+0x149/0x1b0
Feb  2 01:45:29 cu-cs-vm kernel: [    5.364792]  [<ffffffff8146fc17>] do_fbcon_takeover+0x57/0xb0
Feb  2 01:45:29 cu-cs-vm kernel: [    5.364794]  [<ffffffff81474828>] fbcon_event_notify+0x658/0x750
Feb  2 01:45:29 cu-cs-vm kernel: [    5.364797]  [<ffffffff810a1aea>] notifier_call_chain+0x4a/0x70
Feb  2 01:45:29 cu-cs-vm kernel: [    5.364798]  [<ffffffff810a1e27>] __blocking_notifier_call_chain+0x47/0x60
Feb  2 01:45:29 cu-cs-vm kernel: [    5.364799]  [<ffffffff810a1e56>] blocking_notifier_call_chain+0x16/0x20
Feb  2 01:45:29 cu-cs-vm kernel: [    5.364801]  [<ffffffff8147a4bb>] fb_notifier_call_chain+0x1b/0x20
Feb  2 01:45:29 cu-cs-vm kernel: [    5.364802]  [<ffffffff8147c62f>] register_framebuffer+0x20f/0x350
Feb  2 01:45:29 cu-cs-vm kernel: [    5.364824]  [<ffffffffc035335a>] drm_fb_helper_initial_config+0x28a/0x420 [drm_kms_helper]
Feb  2 01:45:29 cu-cs-vm kernel: [    5.364828]  [<ffffffffc03c933a>] vbox_fbdev_init+0xba/0xe0 [vboxvideo]
Feb  2 01:45:29 cu-cs-vm kernel: [    5.364831]  [<ffffffffc03ca231>] vbox_driver_load+0x2f1/0x350 [vboxvideo]
Feb  2 01:45:29 cu-cs-vm kernel: [    5.364841]  [<ffffffffc02ad3d7>] drm_dev_register+0xa7/0xb0 [drm]
Feb  2 01:45:29 cu-cs-vm kernel: [    5.364848]  [<ffffffffc02afa0d>] drm_get_pci_dev+0x8d/0x1e0 [drm]
Feb  2 01:45:29 cu-cs-vm kernel: [    5.364851]  [<ffffffffc03c8975>] vbox_pci_probe+0x15/0x20 [vboxvideo]
Feb  2 01:45:29 cu-cs-vm kernel: [    5.364855]  [<ffffffff81447bd5>] local_pci_probe+0x45/0xa0
Feb  2 01:45:29 cu-cs-vm kernel: [    5.364856]  [<ffffffff81449013>] pci_device_probe+0x103/0x150
Feb  2 01:45:29 cu-cs-vm kernel: [    5.364861]  [<ffffffff8155adf2>] driver_probe_device+0x222/0x4a0
Feb  2 01:45:29 cu-cs-vm kernel: [    5.364862]  [<ffffffff8155b0f4>] __driver_attach+0x84/0x90
Feb  2 01:45:29 cu-cs-vm kernel: [    5.364864]  [<ffffffff8155b070>] ? driver_probe_device+0x4a0/0x4a0
Feb  2 01:45:29 cu-cs-vm kernel: [    5.364866]  [<ffffffff81558a1c>] bus_for_each_dev+0x6c/0xc0
Feb  2 01:45:29 cu-cs-vm kernel: [    5.364867]  [<ffffffff8155a5ae>] driver_attach+0x1e/0x20
Feb  2 01:45:29 cu-cs-vm kernel: [    5.364868]  [<ffffffff8155a0eb>] bus_add_driver+0x1eb/0x280
Feb  2 01:45:29 cu-cs-vm kernel: [    5.364870]  [<ffffffff8155ba00>] driver_register+0x60/0xe0
Feb  2 01:45:29 cu-cs-vm kernel: [    5.364871]  [<ffffffff814474fc>] __pci_register_driver+0x4c/0x50
Feb  2 01:45:29 cu-cs-vm kernel: [    5.364878]  [<ffffffffc02afc40>] drm_pci_init+0xe0/0x110 [drm]
Feb  2 01:45:29 cu-cs-vm kernel: [    5.364879]  [<ffffffffc0333000>] ? 0xffffffffc0333000
Feb  2 01:45:29 cu-cs-vm kernel: [    5.364883]  [<ffffffffc033303c>] vbox_init+0x3c/0x1000 [vboxvideo]
Feb  2 01:45:29 cu-cs-vm kernel: [    5.364885]  [<ffffffff81002123>] do_one_initcall+0xb3/0x200
Feb  2 01:45:29 cu-cs-vm kernel: [    5.364896]  [<ffffffff811d0bc1>] ? __vunmap+0x91/0xe0
Feb  2 01:45:29 cu-cs-vm kernel: [    5.364899]  [<ffffffff811ecd93>] ? kmem_cache_alloc_trace+0x183/0x1f0
Feb  2 01:45:29 cu-cs-vm kernel: [    5.364900]  [<ffffffff811edb8a>] ? kfree+0x13a/0x150
Feb  2 01:45:29 cu-cs-vm kernel: [    5.364904]  [<ffffffff8118d9f3>] do_init_module+0x5f/0x1cf
Feb  2 01:45:29 cu-cs-vm kernel: [    5.364907]  [<ffffffff8110a98f>] load_module+0x166f/0x1c10
Feb  2 01:45:29 cu-cs-vm kernel: [    5.364908]  [<ffffffff81106f30>] ? __symbol_put+0x60/0x60
Feb  2 01:45:29 cu-cs-vm kernel: [    5.364911]  [<ffffffff81214950>] ? kernel_read+0x50/0x80
Feb  2 01:45:29 cu-cs-vm kernel: [    5.364913]  [<ffffffff8110b174>] SYSC_finit_module+0xb4/0xe0
Feb  2 01:45:29 cu-cs-vm kernel: [    5.364914]  [<ffffffff8110b1be>] SyS_finit_module+0xe/0x10
Feb  2 01:45:29 cu-cs-vm kernel: [    5.364922]  [<ffffffff818384f2>] entry_SYSCALL_64_fastpath+0x16/0x71
Feb  2 01:45:29 cu-cs-vm kernel: [    5.364936] Code: c7 c1 60 d2 3c c0 48 c7 c2 c6 dd 3c c0 be 52 00 00 00 31 ff e8 5a bb e6 ff 48 c7 c7 c8 db 3c c0 e8 be bc e6 ff e8 d9 32 e7 ff cc <90> eb 9f 49 c7 c0 ae dd 3c c0 48 c7 c1 60 d2 3c c0 ba 4a 00 00 
Feb  2 01:45:29 cu-cs-vm kernel: [    5.364939] RIP  [<ffffffffc03c9a18>] vbox_enable_accel+0xb8/0xf0 [vboxvideo]
Feb  2 01:45:29 cu-cs-vm kernel: [    5.364939]  RSP <ffff880077f3b440>
Feb  2 01:45:29 cu-cs-vm kernel: [    5.364942] ---[ end trace 7f507b03e245c4bb ]---
Feb  2 01:45:29 cu-cs-vm kernel: [    5.364945] note: systemd-udevd[339] exited with preempt_count 1
Feb  2 01:45:29 cu-cs-vm kernel: [    5.397228] intel_rapl: no valid rapl domains found in package 0
Feb  2 01:45:29 cu-cs-vm kernel: [    5.439434] intel_rapl: no valid rapl domains found in package 0
Feb  2 01:45:29 cu-cs-vm kernel: [    5.617346] BTRFS error (device sda1): could not find root 8
Feb  2 01:45:29 cu-cs-vm kernel: [    5.617354] BTRFS error (device sda1): could not find root 8
Feb  2 01:45:29 cu-cs-vm kernel: [    5.767609] audit: type=1400 audit(1486025129.312:2): apparmor="STATUS" operation="profile_load" profile="unconfined" name="/sbin/dhclient" pid=640 comm="apparmor_parser"
Feb  2 01:45:29 cu-cs-vm kernel: [    5.767616] audit: type=1400 audit(1486025129.312:3): apparmor="STATUS" operation="profile_load" profile="unconfined" name="/usr/lib/NetworkManager/nm-dhcp-client.action" pid=640 comm="apparmor_parser"
Feb  2 01:45:29 cu-cs-vm kernel: [    5.767620] audit: type=1400 audit(1486025129.312:4): apparmor="STATUS" operation="profile_load" profile="unconfined" name="/usr/lib/NetworkManager/nm-dhcp-helper" pid=640 comm="apparmor_parser"
Feb  2 01:45:29 cu-cs-vm kernel: [    5.767625] audit: type=1400 audit(1486025129.312:5): apparmor="STATUS" operation="profile_load" profile="unconfined" name="/usr/lib/connman/scripts/dhclient-script" pid=640 comm="apparmor_parser"
Feb  2 01:45:29 cu-cs-vm kernel: [    5.768179] audit: type=1400 audit(1486025129.312:6): apparmor="STATUS" operation="profile_load" profile="unconfined" name="/usr/lib/lightdm/lightdm-guest-session" pid=639 comm="apparmor_parser"
Feb  2 01:45:29 cu-cs-vm kernel: [    5.768186] audit: type=1400 audit(1486025129.312:7): apparmor="STATUS" operation="profile_load" profile="unconfined" name="/usr/lib/lightdm/lightdm-guest-session//chromium" pid=639 comm="apparmor_parser"
Feb  2 01:45:29 cu-cs-vm kernel: [    5.770017] audit: type=1400 audit(1486025129.316:8): apparmor="STATUS" operation="profile_load" profile="unconfined" name="/usr/bin/ubuntu-core-launcher" pid=643 comm="apparmor_parser"
Feb  2 01:45:29 cu-cs-vm kernel: [    5.772398] audit: type=1400 audit(1486025129.316:9): apparmor="STATUS" operation="profile_load" profile="unconfined" name="/usr/lib/snapd/snap-confine" pid=644 comm="apparmor_parser"
Feb  2 01:45:29 cu-cs-vm kernel: [    5.772407] audit: type=1400 audit(1486025129.316:10): apparmor="STATUS" operation="profile_load" profile="unconfined" name="/usr/lib/snapd/snap-confine//mount-namespace-capture-helper" pid=644 comm="apparmor_parser"
Feb  2 01:45:29 cu-cs-vm gpu-manager[757]: /etc/modprobe.d is not a file
Feb  2 01:45:29 cu-cs-vm systemd[1]: Started uptime record daemon.
Feb  2 01:45:29 cu-cs-vm whoopsie[726]: [01:45:29] Could not get the Network Manager state:
Feb  2 01:45:29 cu-cs-vm whoopsie[726]: [01:45:29] GDBus.Error:org.freedesktop.DBus.Error.ServiceUnknown: The name org.freedesktop.NetworkManager was not provided by any .service files
Feb  2 01:45:29 cu-cs-vm systemd[1]: Starting Auto import assertions from block devices...
Feb  2 01:45:29 cu-cs-vm NetworkManager[755]: <info>  [1486025129.6340] NetworkManager (version 1.2.2) is starting...
Feb  2 01:45:29 cu-cs-vm thermald[786]: NO RAPL sysfs present
Feb  2 01:45:29 cu-cs-vm systemd[1]: Starting Modem Manager...
Feb  2 01:45:29 cu-cs-vm thermald[786]: 22 CPUID levels; family:model:stepping 0x6:4e:3 (6:78:3)
Feb  2 01:45:29 cu-cs-vm NetworkManager[755]: <info>  [1486025129.6383] Read config: /etc/NetworkManager/NetworkManager.conf (etc: default-wifi-powersave-on.conf)
Feb  2 01:45:29 cu-cs-vm thermald[786]: Polling mode is enabled: 4
Feb  2 01:45:29 cu-cs-vm thermald[786]: Thermal DTS: No coretemp sysfs found
Feb  2 01:45:29 cu-cs-vm thermald[786]: Thermal DTS or hwmon: No Zones present Need to configure manually
Feb  2 01:45:29 cu-cs-vm thermald[786]: No thermal sensors found
Feb  2 01:45:29 cu-cs-vm gpu-manager[757]: Error: can't open /lib/modules/4.4.0-59-generic/updates/dkms
Feb  2 01:45:29 cu-cs-vm gpu-manager[757]: Error: can't open /lib/modules/4.4.0-59-generic/updates/dkms
Feb  2 01:45:29 cu-cs-vm snap[800]: auto-import is disabled on classic
Feb  2 01:45:29 cu-cs-vm systemd[1]: Started System Logging Service.
Feb  2 01:45:29 cu-cs-vm thermald[786]: THD engine start failed
Feb  2 01:45:29 cu-cs-vm systemd[1]: Started Permit User Sessions.
Feb  2 01:45:29 cu-cs-vm ModemManager[805]: <info>  ModemManager (version 1.4.12) starting in system bus...
Feb  2 01:45:29 cu-cs-vm NetworkManager[755]: <info>  [1486025129.6636] manager[0x244f1a0]: monitoring kernel firmware directory '/lib/firmware'.
Feb  2 01:45:29 cu-cs-vm NetworkManager[755]: <info>  [1486025129.6638] monitoring ifupdown state file '/run/network/ifstate'.
Feb  2 01:45:29 cu-cs-vm systemd[1]: Started Restore /etc/resolv.conf if the system crashed before the ppp link was shut down.
Feb  2 01:45:29 cu-cs-vm systemd[1]: Started Thermal Daemon Service.
Feb  2 01:45:29 cu-cs-vm NetworkManager[755]: <info>  [1486025129.6698] dns-mgr[0x24630b0]: set resolv-conf-mode: dnsmasq, plugin="dnsmasq"
Feb  2 01:45:29 cu-cs-vm NetworkManager[755]: <info>  [1486025129.6704] dns-mgr[0x24630b0]: using resolv.conf manager 'resolvconf'
Feb  2 01:45:29 cu-cs-vm sensors[815]: No sensors found!
Feb  2 01:45:29 cu-cs-vm sensors[815]: Make sure you loaded all the kernel drivers you need.
Feb  2 01:45:29 cu-cs-vm sensors[815]: Try sensors-detect to find out which these are.
Feb  2 01:45:29 cu-cs-vm dbus[743]: [system] Activating via systemd: service name='org.freedesktop.PolicyKit1' unit='polkitd.service'
Feb  2 01:45:29 cu-cs-vm systemd[1]: Started Auto import assertions from block devices.
Feb  2 01:45:29 cu-cs-vm systemd[1]: Started Initialize hardware monitoring sensors.
Feb  2 01:45:29 cu-cs-vm dbus[743]: [system] Activating via systemd: service name='org.freedesktop.nm_dispatcher' unit='dbus-org.freedesktop.nm-dispatcher.service'
Feb  2 01:45:29 cu-cs-vm vboxadd[667]: vboxadd.sh: Starting the VirtualBox Guest Additions.
Feb  2 01:45:29 cu-cs-vm systemd[1]: Started Network Manager.
Feb  2 01:45:29 cu-cs-vm vboxadd.sh: Starting the VirtualBox Guest Additions.
Feb  2 01:45:29 cu-cs-vm systemd[1]: Started Login Service.
Feb  2 01:45:29 cu-cs-vm systemd[1]: Starting Network Manager Script Dispatcher Service...
Feb  2 01:45:29 cu-cs-vm systemd[1]: Starting Network Manager Wait Online...
Feb  2 01:45:29 cu-cs-vm systemd[1]: Starting Authenticate and Authorize Users to Run Privileged Tasks...
Feb  2 01:45:29 cu-cs-vm dbus[743]: [system] Successfully activated service 'org.freedesktop.nm_dispatcher'
Feb  2 01:45:29 cu-cs-vm NetworkManager[755]: <info>  [1486025129.8669] init!
Feb  2 01:45:29 cu-cs-vm NetworkManager[755]: <info>  [1486025129.8671] management mode: unmanaged
Feb  2 01:45:29 cu-cs-vm NetworkManager[755]: <info>  [1486025129.8675] devices added (path: /sys/devices/pci0000:00/0000:00:03.0/net/enp0s3, iface: enp0s3)
Feb  2 01:45:29 cu-cs-vm NetworkManager[755]: <info>  [1486025129.8675] device added (path: /sys/devices/pci0000:00/0000:00:03.0/net/enp0s3, iface: enp0s3): no ifupdown configuration found.
Feb  2 01:45:29 cu-cs-vm NetworkManager[755]: <info>  [1486025129.8675] devices added (path: /sys/devices/virtual/net/lo, iface: lo)
Feb  2 01:45:29 cu-cs-vm NetworkManager[755]: <info>  [1486025129.8676] device added (path: /sys/devices/virtual/net/lo, iface: lo): no ifupdown configuration found.
Feb  2 01:45:29 cu-cs-vm NetworkManager[755]: <info>  [1486025129.8677] end _init.
Feb  2 01:45:29 cu-cs-vm NetworkManager[755]: <info>  [1486025129.8677] settings: loaded plugin ifupdown: (C) 2008 Canonical Ltd.  To report bugs please use the NetworkManager mailing list. (/usr/lib/x86_64-linux-gnu/NetworkManager/libnm-settings-plugin-ifupdown.so)
Feb  2 01:45:29 cu-cs-vm NetworkManager[755]: <info>  [1486025129.8678] settings: loaded plugin keyfile: (c) 2007 - 2015 Red Hat, Inc.  To report bugs please use the NetworkManager mailing list.
Feb  2 01:45:29 cu-cs-vm NetworkManager[755]: <info>  [1486025129.8686] SettingsPlugin-Ofono: init!
Feb  2 01:45:29 cu-cs-vm NetworkManager[755]: <warn>  [1486025129.8687] SettingsPlugin-Ofono: file doesn't exist: /var/lib/ofono
Feb  2 01:45:29 cu-cs-vm NetworkManager[755]: <info>  [1486025129.8687] SettingsPlugin-Ofono: end _init.
Feb  2 01:45:29 cu-cs-vm NetworkManager[755]: <info>  [1486025129.8688] settings: loaded plugin ofono: (C) 2013-2016 Canonical Ltd.  To report bugs please use the NetworkManager mailing list. (/usr/lib/x86_64-linux-gnu/NetworkManager/libnm-settings-plugin-ofono.so)
Feb  2 01:45:29 cu-cs-vm NetworkManager[755]: <info>  [1486025129.8688] (38214480) ... get_connections.
Feb  2 01:45:29 cu-cs-vm NetworkManager[755]: <info>  [1486025129.8688] (38214480) ... get_connections (managed=false): return empty list.
Feb  2 01:45:29 cu-cs-vm NetworkManager[755]: <info>  [1486025129.8689] SettingsPlugin-Ofono: (38214704) ... get_connections.
Feb  2 01:45:29 cu-cs-vm NetworkManager[755]: <info>  [1486025129.8689] SettingsPlugin-Ofono: (38214704) connections count: 0
Feb  2 01:45:29 cu-cs-vm NetworkManager[755]: <info>  [1486025129.8690] get unmanaged devices count: 0
Feb  2 01:45:29 cu-cs-vm dbus[743]: [system] Activating via systemd: service name='org.freedesktop.hostname1' unit='dbus-org.freedesktop.hostname1.service'
Feb  2 01:45:29 cu-cs-vm systemd[1]: Started Network Manager Script Dispatcher Service.
Feb  2 01:45:29 cu-cs-vm polkitd[840]: started daemon version 0.105 using authority implementation `local' version `0.105'
Feb  2 01:45:29 cu-cs-vm dbus[743]: [system] Successfully activated service 'org.freedesktop.PolicyKit1'
Feb  2 01:45:29 cu-cs-vm systemd[1]: Starting Hostname Service...
Feb  2 01:45:29 cu-cs-vm systemd[1]: Started Authenticate and Authorize Users to Run Privileged Tasks.
Feb  2 01:45:29 cu-cs-vm accounts-daemon[788]: started daemon version 0.6.40
Feb  2 01:45:29 cu-cs-vm systemd[1]: Started Accounts Service.
Feb  2 01:45:29 cu-cs-vm systemd[1]: Started Modem Manager.
Feb  2 01:45:29 cu-cs-vm dbus[743]: [system] Successfully activated service 'org.freedesktop.hostname1'
Feb  2 01:45:29 cu-cs-vm systemd[1]: Started Hostname Service.
Feb  2 01:45:29 cu-cs-vm NetworkManager[755]: <info>  [1486025129.9355] settings: hostname: using hostnamed
Feb  2 01:45:29 cu-cs-vm NetworkManager[755]: <info>  [1486025129.9355] settings: hostname changed from (none) to "cu-cs-vm"
Feb  2 01:45:29 cu-cs-vm nm-dispatcher: req:1 'hostname': new request (1 scripts)
Feb  2 01:45:29 cu-cs-vm nm-dispatcher: req:1 'hostname': start running ordered scripts...
Feb  2 01:45:29 cu-cs-vm NetworkManager[755]: <info>  [1486025129.9368] Using DHCP client 'dhclient'
Feb  2 01:45:29 cu-cs-vm NetworkManager[755]: <info>  [1486025129.9369] manager: WiFi enabled by radio killswitch; enabled by state file
Feb  2 01:45:29 cu-cs-vm NetworkManager[755]: <info>  [1486025129.9369] manager: WWAN enabled by radio killswitch; enabled by state file
Feb  2 01:45:29 cu-cs-vm NetworkManager[755]: <info>  [1486025129.9369] manager: Networking is enabled by state file
Feb  2 01:45:29 cu-cs-vm NetworkManager[755]: <info>  [1486025129.9370] Loaded device plugin: NMVxlanFactory (internal)
Feb  2 01:45:29 cu-cs-vm NetworkManager[755]: <info>  [1486025129.9370] Loaded device plugin: NMVlanFactory (internal)
Feb  2 01:45:29 cu-cs-vm NetworkManager[755]: <info>  [1486025129.9370] Loaded device plugin: NMVethFactory (internal)
Feb  2 01:45:29 cu-cs-vm NetworkManager[755]: <info>  [1486025129.9371] Loaded device plugin: NMTunFactory (internal)
Feb  2 01:45:29 cu-cs-vm NetworkManager[755]: <info>  [1486025129.9371] Loaded device plugin: NMMacvlanFactory (internal)
Feb  2 01:45:29 cu-cs-vm NetworkManager[755]: <info>  [1486025129.9371] Loaded device plugin: NMIPTunnelFactory (internal)
Feb  2 01:45:29 cu-cs-vm NetworkManager[755]: <info>  [1486025129.9371] Loaded device plugin: NMInfinibandFactory (internal)
Feb  2 01:45:29 cu-cs-vm NetworkManager[755]: <info>  [1486025129.9371] Loaded device plugin: NMEthernetFactory (internal)
Feb  2 01:45:29 cu-cs-vm NetworkManager[755]: <info>  [1486025129.9371] Loaded device plugin: NMBridgeFactory (internal)
Feb  2 01:45:29 cu-cs-vm NetworkManager[755]: <info>  [1486025129.9372] Loaded device plugin: NMBondFactory (internal)
Feb  2 01:45:29 cu-cs-vm NetworkManager[755]: <info>  [1486025129.9439] Loaded device plugin: NMWwanFactory (/usr/lib/x86_64-linux-gnu/NetworkManager/libnm-device-plugin-wwan.so)
Feb  2 01:45:29 cu-cs-vm NetworkManager[755]: <info>  [1486025129.9453] Loaded device plugin: NMAtmManager (/usr/lib/x86_64-linux-gnu/NetworkManager/libnm-device-plugin-adsl.so)
Feb  2 01:45:29 cu-cs-vm NetworkManager[755]: <info>  [1486025129.9467] Loaded device plugin: NMWifiFactory (/usr/lib/x86_64-linux-gnu/NetworkManager/libnm-device-plugin-wifi.so)
Feb  2 01:45:29 cu-cs-vm NetworkManager[755]: <info>  [1486025129.9507] Loaded device plugin: NMBluezManager (/usr/lib/x86_64-linux-gnu/NetworkManager/libnm-device-plugin-bluetooth.so)
Feb  2 01:45:29 cu-cs-vm NetworkManager[755]: <info>  [1486025129.9525] manager: (enp0s3): new Ethernet device (/org/freedesktop/NetworkManager/Devices/0)
Feb  2 01:45:29 cu-cs-vm NetworkManager[755]: <info>  [1486025129.9540] keyfile: add connection in-memory (cb11b746-5e41-3ed8-862f-ba5edbdd92b7,"Wired connection 1")
Feb  2 01:45:29 cu-cs-vm NetworkManager[755]: <info>  [1486025129.9552] settings: (enp0s3): created default wired connection 'Wired connection 1'
Feb  2 01:45:29 cu-cs-vm NetworkManager[755]: <info>  [1486025129.9564] device (enp0s3): state change: unmanaged -> unavailable (reason 'managed') [10 20 2]
Feb  2 01:45:29 cu-cs-vm NetworkManager[755]: nm_device_get_device_type: assertion 'NM_IS_DEVICE (self)' failed
Feb  2 01:45:29 cu-cs-vm NetworkManager[755]: <info>  [1486025129.9635] device (lo): link connected
Feb  2 01:45:29 cu-cs-vm NetworkManager[755]: <info>  [1486025129.9640] manager: (lo): new Generic device (/org/freedesktop/NetworkManager/Devices/1)
Feb  2 01:45:29 cu-cs-vm NetworkManager[755]: <info>  [1486025129.9720] urfkill disappeared from the bus
Feb  2 01:45:29 cu-cs-vm NetworkManager[755]: <info>  [1486025129.9758] device (enp0s3): link connected
Feb  2 01:45:29 cu-cs-vm NetworkManager[755]: <info>  [1486025129.9820] ModemManager available in the bus
Feb  2 01:45:29 cu-cs-vm NetworkManager[755]: <info>  [1486025129.9831] ofono is now available
Feb  2 01:45:29 cu-cs-vm NetworkManager[755]: <warn>  [1486025129.9860] failed to enumerate oFono devices: GDBus.Error:org.freedesktop.DBus.Error.ServiceUnknown: The name org.ofono was not provided by any .service files
Feb  2 01:45:29 cu-cs-vm NetworkManager[755]: <info>  [1486025129.9868] device (enp0s3): state change: unavailable -> disconnected (reason 'carrier-changed') [20 30 40]
Feb  2 01:45:29 cu-cs-vm NetworkManager[755]: <info>  [1486025129.9920] policy: auto-activating connection 'Wired connection 1'
Feb  2 01:45:29 cu-cs-vm NetworkManager[755]: <info>  [1486025129.9934] device (enp0s3): Activation: starting connection 'Wired connection 1' (cb11b746-5e41-3ed8-862f-ba5edbdd92b7)
Feb  2 01:45:29 cu-cs-vm NetworkManager[755]: <info>  [1486025129.9939] device (enp0s3): state change: disconnected -> prepare (reason 'none') [30 40 0]
Feb  2 01:45:29 cu-cs-vm NetworkManager[755]: <info>  [1486025129.9946] manager: NetworkManager state is now CONNECTING
Feb  2 01:45:29 cu-cs-vm whoopsie[726]: [01:45:29] offline
Feb  2 01:45:29 cu-cs-vm NetworkManager[755]: <info>  [1486025129.9973] device (enp0s3): state change: prepare -> config (reason 'none') [40 50 0]
Feb  2 01:45:29 cu-cs-vm NetworkManager[755]: <info>  [1486025129.9996] device (enp0s3): state change: config -> ip-config (reason 'none') [50 70 0]
Feb  2 01:45:30 cu-cs-vm NetworkManager[755]: <info>  [1486025130.0028] dhcp4 (enp0s3): activation: beginning transaction (timeout in 45 seconds)
Feb  2 01:45:30 cu-cs-vm NetworkManager[755]: <info>  [1486025130.0098] dhcp4 (enp0s3): dhclient started with pid 862
Feb  2 01:45:30 cu-cs-vm systemd[1]: Started vboxadd-x11.service.
Feb  2 01:45:30 cu-cs-vm dhclient[862]: DHCPREQUEST of 10.0.2.15 on enp0s3 to 255.255.255.255 port 67 (xid=0x5d6ad30f)
Feb  2 01:45:30 cu-cs-vm dhclient[862]: DHCPACK of 10.0.2.15 from 10.0.2.2
Feb  2 01:45:30 cu-cs-vm NetworkManager[755]: <info>  [1486025130.0553]   address 10.0.2.15
Feb  2 01:45:30 cu-cs-vm NetworkManager[755]: <info>  [1486025130.0553]   plen 24 (255.255.255.0)
Feb  2 01:45:30 cu-cs-vm NetworkManager[755]: <info>  [1486025130.0553]   gateway 10.0.2.2
Feb  2 01:45:30 cu-cs-vm NetworkManager[755]: <info>  [1486025130.0553]   server identifier 10.0.2.2
Feb  2 01:45:30 cu-cs-vm NetworkManager[755]: <info>  [1486025130.0554]   lease time 86400
Feb  2 01:45:30 cu-cs-vm NetworkManager[755]: <info>  [1486025130.0554]   nameserver '75.75.75.75'
Feb  2 01:45:30 cu-cs-vm NetworkManager[755]: <info>  [1486025130.0554]   nameserver '75.75.76.76'
Feb  2 01:45:30 cu-cs-vm NetworkManager[755]: <info>  [1486025130.0559] dhcp4 (enp0s3): state changed unknown -> bound
Feb  2 01:45:30 cu-cs-vm dhclient[862]: bound to 10.0.2.15 -- renewal in 33151 seconds.
Feb  2 01:45:30 cu-cs-vm avahi-daemon[734]: Joining mDNS multicast group on interface enp0s3.IPv4 with address 10.0.2.15.
Feb  2 01:45:30 cu-cs-vm avahi-daemon[734]: New relevant interface enp0s3.IPv4 for mDNS.
Feb  2 01:45:30 cu-cs-vm NetworkManager[755]: <info>  [1486025130.0576] device (enp0s3): state change: ip-config -> ip-check (reason 'none') [70 80 0]
Feb  2 01:45:30 cu-cs-vm avahi-daemon[734]: Registering new address record for 10.0.2.15 on enp0s3.IPv4.
Feb  2 01:45:30 cu-cs-vm NetworkManager[755]: <info>  [1486025130.0582] device (enp0s3): state change: ip-check -> secondaries (reason 'none') [80 90 0]
Feb  2 01:45:30 cu-cs-vm NetworkManager[755]: <info>  [1486025130.0586] device (enp0s3): state change: secondaries -> activated (reason 'none') [90 100 0]
Feb  2 01:45:30 cu-cs-vm NetworkManager[755]: <info>  [1486025130.0591] manager: NetworkManager state is now CONNECTED_LOCAL
Feb  2 01:45:30 cu-cs-vm NetworkManager[755]: <info>  [1486025130.0609] manager: NetworkManager state is now CONNECTED_GLOBAL
Feb  2 01:45:30 cu-cs-vm NetworkManager[755]: <info>  [1486025130.0614] policy: set 'Wired connection 1' (enp0s3) as default for IPv4 routing and DNS
Feb  2 01:45:30 cu-cs-vm NetworkManager[755]: <info>  [1486025130.0617] dns-plugin[0x2437040]: starting dnsmasq...
Feb  2 01:45:30 cu-cs-vm whoopsie[726]: [01:45:30] Cannot reach: https://daisy.ubuntu.com
Feb  2 01:45:30 cu-cs-vm NetworkManager[755]: <info>  [1486025130.0674] dns-mgr: Writing DNS information to /sbin/resolvconf
Feb  2 01:45:30 cu-cs-vm vboxadd-x11.sh: Installing the Window System drivers.
Feb  2 01:45:30 cu-cs-vm dnsmasq[901]: started, version 2.75 cache disabled
Feb  2 01:45:30 cu-cs-vm dnsmasq[901]: compile time options: IPv6 GNU-getopt DBus i18n IDN DHCP DHCPv6 no-Lua TFTP conntrack ipset auth DNSSEC loop-detect inotify
Feb  2 01:45:30 cu-cs-vm dnsmasq[901]: DBus support enabled: connected to system bus
Feb  2 01:45:30 cu-cs-vm dnsmasq[901]: warning: no upstream servers configured
Feb  2 01:45:30 cu-cs-vm vboxadd-x11.sh: Installing X.Org Server 1.18 modules.
Feb  2 01:45:30 cu-cs-vm vboxadd-x11.sh: X.Org Server 1.18 modules installed.
Feb  2 01:45:30 cu-cs-vm vboxadd-x11.sh: Setting up the Window System to use the Guest Additions.
Feb  2 01:45:30 cu-cs-vm vboxadd-x11.sh: Window System set up to use the Guest Additions.
Feb  2 01:45:30 cu-cs-vm vboxadd[667]: You may need to restart the Window System (or just restart the guest system)
Feb  2 01:45:30 cu-cs-vm vboxadd[667]: to enable the Guest Additions.
Feb  2 01:45:30 cu-cs-vm vboxadd-x11.sh: Installing graphics libraries and desktop services components.
Feb  2 01:45:30 cu-cs-vm vboxadd-x11.sh: Window system drivers installed.
Feb  2 01:45:30 cu-cs-vm NetworkManager[755]: <info>  [1486025130.1491] device (enp0s3): Activation: successful, device activated.
Feb  2 01:45:30 cu-cs-vm nm-dispatcher: req:2 'up' [enp0s3]: new request (1 scripts)
Feb  2 01:45:30 cu-cs-vm nm-dispatcher: req:2 'up' [enp0s3]: start running ordered scripts...
Feb  2 01:45:30 cu-cs-vm NetworkManager[755]: <info>  [1486025130.1544] dnsmasq[0x2437040]: dnsmasq appeared as :1.17
Feb  2 01:45:30 cu-cs-vm dnsmasq[901]: setting upstream servers from DBus
Feb  2 01:45:30 cu-cs-vm dnsmasq[901]: using nameserver 75.75.75.75#53
Feb  2 01:45:30 cu-cs-vm dnsmasq[901]: using nameserver 75.75.76.76#53
Feb  2 01:45:30 cu-cs-vm whoopsie[726]: [01:45:30] The default IPv4 route is: /org/freedesktop/NetworkManager/ActiveConnection/0
Feb  2 01:45:30 cu-cs-vm whoopsie[726]: [01:45:30] Not a paid data plan: /org/freedesktop/NetworkManager/ActiveConnection/0
Feb  2 01:45:30 cu-cs-vm whoopsie[726]: [01:45:30] Found usable connection: /org/freedesktop/NetworkManager/ActiveConnection/0
Feb  2 01:45:30 cu-cs-vm whoopsie[726]: [01:45:30] online
Feb  2 01:45:30 cu-cs-vm vboxadd.sh: .
Feb  2 01:45:30 cu-cs-vm systemd[1]: Started vboxadd.service.
Feb  2 01:45:30 cu-cs-vm systemd[1]: Starting vboxadd-service.service...
Feb  2 01:45:30 cu-cs-vm vboxadd-service[1034]: vboxadd-service.sh: Starting VirtualBox Guest Addition service.
Feb  2 01:45:30 cu-cs-vm vboxadd-service.sh: Starting VirtualBox Guest Addition service.
Feb  2 01:45:30 cu-cs-vm vboxadd-service.sh: VirtualBox Guest Addition service started.
Feb  2 01:45:30 cu-cs-vm systemd[1]: Started vboxadd-service.service.
Feb  2 01:45:31 cu-cs-vm avahi-daemon[734]: Joining mDNS multicast group on interface enp0s3.IPv6 with address fe80::61b4:9e53:df3f:6100.
Feb  2 01:45:31 cu-cs-vm avahi-daemon[734]: New relevant interface enp0s3.IPv6 for mDNS.
Feb  2 01:45:31 cu-cs-vm avahi-daemon[734]: Registering new address record for fe80::61b4:9e53:df3f:6100 on enp0s3.*.
Feb  2 01:45:31 cu-cs-vm ModemManager[805]: <info>  Couldn't find support for device at '/sys/devices/pci0000:00/0000:00:03.0': not supported by any plugin
Feb  2 01:45:35 cu-cs-vm NetworkManager[755]: <info>  [1486025135.7324] manager: startup complete
Feb  2 01:45:35 cu-cs-vm systemd[1]: Started Network Manager Wait Online.
